drivers.c:35:6:HAL_RNG_ReadyDataCallback	16	static
drivers.c:47:6:SystemClock_Config	88	static
drivers.c:87:13:MX_ADC1_Init	24	static
drivers.c:136:13:MX_DMA_Init	16	static
drivers.c:155:13:MX_SPI1_Init	8	static
drivers.c:189:13:MX_GPIO_Init	56	static
drivers.c:284:13:MX_TIM2_Init	32	static
drivers.c:330:13:MX_TIM4_Init	32	static
drivers.c:376:13:MX_RNG_Init	8	static
drivers.c:401:6:Error_Handler	4	static,ignoring_inline_asm
drivers.c:412:6:generate_randomNumber	16	static
drivers.c:435:9:button_readPin	24	static
drivers.c:448:6:drivers_init	8	static
