Archive member included to satisfy reference by file (symbol)

/opt/st/stm32cubeide_1.8.0/plugins/com.st.stm32cube.ide.mcu.externaltools.gnu-tools-for-stm32.9-2020-q2-update.linux64_2.0.0.202105311346/tools/bin/../lib/gcc/arm-none-eabi/9.3.1/../../../../arm-none-eabi/lib/thumb/v7e-m+fp/hard/libc_nano.a(lib_a-errno.o)
                              ./Core/Src/syscalls.o (__errno)
/opt/st/stm32cubeide_1.8.0/plugins/com.st.stm32cube.ide.mcu.externaltools.gnu-tools-for-stm32.9-2020-q2-update.linux64_2.0.0.202105311346/tools/bin/../lib/gcc/arm-none-eabi/9.3.1/../../../../arm-none-eabi/lib/thumb/v7e-m+fp/hard/libc_nano.a(lib_a-exit.o)
                              /opt/st/stm32cubeide_1.8.0/plugins/com.st.stm32cube.ide.mcu.externaltools.gnu-tools-for-stm32.9-2020-q2-update.linux64_2.0.0.202105311346/tools/bin/../lib/gcc/arm-none-eabi/9.3.1/../../../../arm-none-eabi/lib/thumb/v7e-m+fp/hard/crt0.o (exit)
/opt/st/stm32cubeide_1.8.0/plugins/com.st.stm32cube.ide.mcu.externaltools.gnu-tools-for-stm32.9-2020-q2-update.linux64_2.0.0.202105311346/tools/bin/../lib/gcc/arm-none-eabi/9.3.1/../../../../arm-none-eabi/lib/thumb/v7e-m+fp/hard/libc_nano.a(lib_a-impure.o)
                              /opt/st/stm32cubeide_1.8.0/plugins/com.st.stm32cube.ide.mcu.externaltools.gnu-tools-for-stm32.9-2020-q2-update.linux64_2.0.0.202105311346/tools/bin/../lib/gcc/arm-none-eabi/9.3.1/../../../../arm-none-eabi/lib/thumb/v7e-m+fp/hard/libc_nano.a(lib_a-exit.o) (_global_impure_ptr)
/opt/st/stm32cubeide_1.8.0/plugins/com.st.stm32cube.ide.mcu.externaltools.gnu-tools-for-stm32.9-2020-q2-update.linux64_2.0.0.202105311346/tools/bin/../lib/gcc/arm-none-eabi/9.3.1/../../../../arm-none-eabi/lib/thumb/v7e-m+fp/hard/libc_nano.a(lib_a-init.o)
                              /opt/st/stm32cubeide_1.8.0/plugins/com.st.stm32cube.ide.mcu.externaltools.gnu-tools-for-stm32.9-2020-q2-update.linux64_2.0.0.202105311346/tools/bin/../lib/gcc/arm-none-eabi/9.3.1/../../../../arm-none-eabi/lib/thumb/v7e-m+fp/hard/crt0.o (__libc_init_array)
/opt/st/stm32cubeide_1.8.0/plugins/com.st.stm32cube.ide.mcu.externaltools.gnu-tools-for-stm32.9-2020-q2-update.linux64_2.0.0.202105311346/tools/bin/../lib/gcc/arm-none-eabi/9.3.1/../../../../arm-none-eabi/lib/thumb/v7e-m+fp/hard/libc_nano.a(lib_a-malloc.o)
                              ./Core/Src/vector.o (malloc)
/opt/st/stm32cubeide_1.8.0/plugins/com.st.stm32cube.ide.mcu.externaltools.gnu-tools-for-stm32.9-2020-q2-update.linux64_2.0.0.202105311346/tools/bin/../lib/gcc/arm-none-eabi/9.3.1/../../../../arm-none-eabi/lib/thumb/v7e-m+fp/hard/libc_nano.a(lib_a-memcpy-stub.o)
                              ./Core/Src/ssd1306.o (memcpy)
/opt/st/stm32cubeide_1.8.0/plugins/com.st.stm32cube.ide.mcu.externaltools.gnu-tools-for-stm32.9-2020-q2-update.linux64_2.0.0.202105311346/tools/bin/../lib/gcc/arm-none-eabi/9.3.1/../../../../arm-none-eabi/lib/thumb/v7e-m+fp/hard/libc_nano.a(lib_a-memset.o)
                              /opt/st/stm32cubeide_1.8.0/plugins/com.st.stm32cube.ide.mcu.externaltools.gnu-tools-for-stm32.9-2020-q2-update.linux64_2.0.0.202105311346/tools/bin/../lib/gcc/arm-none-eabi/9.3.1/../../../../arm-none-eabi/lib/thumb/v7e-m+fp/hard/crt0.o (memset)
/opt/st/stm32cubeide_1.8.0/plugins/com.st.stm32cube.ide.mcu.externaltools.gnu-tools-for-stm32.9-2020-q2-update.linux64_2.0.0.202105311346/tools/bin/../lib/gcc/arm-none-eabi/9.3.1/../../../../arm-none-eabi/lib/thumb/v7e-m+fp/hard/libc_nano.a(lib_a-nano-freer.o)
                              /opt/st/stm32cubeide_1.8.0/plugins/com.st.stm32cube.ide.mcu.externaltools.gnu-tools-for-stm32.9-2020-q2-update.linux64_2.0.0.202105311346/tools/bin/../lib/gcc/arm-none-eabi/9.3.1/../../../../arm-none-eabi/lib/thumb/v7e-m+fp/hard/libc_nano.a(lib_a-malloc.o) (_free_r)
/opt/st/stm32cubeide_1.8.0/plugins/com.st.stm32cube.ide.mcu.externaltools.gnu-tools-for-stm32.9-2020-q2-update.linux64_2.0.0.202105311346/tools/bin/../lib/gcc/arm-none-eabi/9.3.1/../../../../arm-none-eabi/lib/thumb/v7e-m+fp/hard/libc_nano.a(lib_a-nano-mallocr.o)
                              /opt/st/stm32cubeide_1.8.0/plugins/com.st.stm32cube.ide.mcu.externaltools.gnu-tools-for-stm32.9-2020-q2-update.linux64_2.0.0.202105311346/tools/bin/../lib/gcc/arm-none-eabi/9.3.1/../../../../arm-none-eabi/lib/thumb/v7e-m+fp/hard/libc_nano.a(lib_a-malloc.o) (_malloc_r)
/opt/st/stm32cubeide_1.8.0/plugins/com.st.stm32cube.ide.mcu.externaltools.gnu-tools-for-stm32.9-2020-q2-update.linux64_2.0.0.202105311346/tools/bin/../lib/gcc/arm-none-eabi/9.3.1/../../../../arm-none-eabi/lib/thumb/v7e-m+fp/hard/libc_nano.a(lib_a-realloc.o)
                              ./Core/Src/vector.o (realloc)
/opt/st/stm32cubeide_1.8.0/plugins/com.st.stm32cube.ide.mcu.externaltools.gnu-tools-for-stm32.9-2020-q2-update.linux64_2.0.0.202105311346/tools/bin/../lib/gcc/arm-none-eabi/9.3.1/../../../../arm-none-eabi/lib/thumb/v7e-m+fp/hard/libc_nano.a(lib_a-sbrkr.o)
[...]
Memory Configuration

Name             Origin             Length             Attributes
RAM              0x0000000020000000 0x0000000000050000 xrw
FLASH            0x0000000008000000 0x0000000000180000 xr
*default*        0x0000000000000000 0xffffffffffffffff

Linker script and memory map

LOAD /opt/st/stm32cubeide_1.8.0/plugins/com.st.stm32cube.ide.mcu.externaltools.gnu-tools-for-stm32.9-2020-q2-update.linux64_2.0.0.202105311346/tools/bin/../lib/gcc/arm-none-eabi/9.3.1/thumb/v7e-m+fp/hard/crti.o
LOAD /opt/st/stm32cubeide_1.8.0/plugins/com.st.stm32cube.ide.mcu.externaltools.gnu-tools-for-stm32.9-2020-q2-update.linux64_2.0.0.202105311346/tools/bin/../lib/gcc/arm-none-eabi/9.3.1/thumb/v7e-m+fp/hard/crtbegin.o
LOAD /opt/st/stm32cubeide_1.8.0/plugins/com.st.stm32cube.ide.mcu.externaltools.gnu-tools-for-stm32.9-2020-q2-update.linux64_2.0.0.202105311346/tools/bin/../lib/gcc/arm-none-eabi/9.3.1/../../../../arm-none-eabi/lib/thumb/v7e-m+fp/hard/crt0.o
LOAD ./Core/Src/game-objects-src/asteroid.o
LOAD ./Core/Src/game-objects-src/earth.o
LOAD ./Core/Src/game-objects-src/spaceship.o
LOAD ./Core/Src/game_engine.o
LOAD ./Core/Src/joystick.o
LOAD ./Core/Src/main.o
LOAD ./Core/Src/oled.o
LOAD ./Core/Src/ssd1306.o
LOAD ./Core/Src/ssd1306_fonts.o
LOAD ./Core/Src/stm32f4xx_hal_msp.o
LOAD ./Core/Src/stm32f4xx_it.o
LOAD ./Core/Src/syscalls.o
LOAD ./Core/Src/sysmem.o
LOAD ./Core/Src/system_stm32f4xx.o
LOAD ./Core/Src/tests.o
LOAD ./Core/Src/vector.o
LOAD ./Core/Src/peripheral-drivers-src/drivers.o
LOAD ./Core/Startup/startup_stm32f413zhtx.o
LOAD ./Drivers/STM32F4xx_HAL_Driver/Src/stm32f4xx_hal.o
LOAD ./Drivers/STM32F4xx_HAL_Driver/Src/stm32f4xx_hal_adc.o
LOAD ./Drivers/STM32F4xx_HAL_Driver/Src/stm32f4xx_hal_adc_ex.o
LOAD ./Drivers/STM32F4xx_HAL_Driver/Src/stm32f4xx_hal_cortex.o
LOAD ./Drivers/STM32F4xx_HAL_Driver/Src/stm32f4xx_hal_dma.o
LOAD ./Drivers/STM32F4xx_HAL_Driver/Src/stm32f4xx_hal_dma_ex.o
LOAD ./Drivers/STM32F4xx_HAL_Driver/Src/stm32f4xx_hal_exti.o
LOAD ./Drivers/STM32F4xx_HAL_Driver/Src/stm32f4xx_hal_flash.o
LOAD ./Drivers/STM32F4xx_HAL_Driver/Src/stm32f4xx_hal_flash_ex.o
LOAD ./Drivers/STM32F4xx_HAL_Driver/Src/stm32f4xx_hal_flash_ramfunc.o
LOAD ./Drivers/STM32F4xx_HAL_Driver/Src/stm32f4xx_hal_gpio.o
LOAD ./Drivers/STM32F4xx_HAL_Driver/Src/stm32f4xx_hal_pwr.o
LOAD ./Drivers/STM32F4xx_HAL_Driver/Src/stm32f4xx_hal_pwr_ex.o
LOAD ./Drivers/STM32F4xx_HAL_Driver/Src/stm32f4xx_hal_rcc.o
LOAD ./Drivers/STM32F4xx_HAL_Driver/Src/stm32f4xx_hal_rcc_ex.o
LOAD ./Drivers/STM32F4xx_HAL_Driver/Src/stm32f4xx_hal_rng.o
LOAD ./Drivers/STM32F4xx_HAL_Driver/Src/stm32f4xx_hal_spi.o
LOAD ./Drivers/STM32F4xx_HAL_Driver/Src/stm32f4xx_hal_tim.o
LOAD ./Drivers/STM32F4xx_HAL_Driver/Src/stm32f4xx_hal_tim_ex.o
LOAD ./Drivers/STM32F4xx_HAL_Driver/Src/stm32f4xx_ll_adc.o
START GROUP
LOAD /opt/st/stm32cubeide_1.8.0/plugins/com.st.stm32cube.ide.mcu.externaltools.gnu-tools-for-stm32.9-2020-q2-update.linux64_2.0.0.202105311346/tools/bin/../lib/gcc/arm-none-eabi/9.3.1/../../../../arm-none-eabi/lib/thumb/v7e-m+fp/hard/libc_nano.a
LOAD /opt/st/stm32cubeide_1.8.0/plugins/com.st.stm32cube.ide.mcu.externaltools.gnu-tools-for-stm32.9-2020-q2-update.linux64_2.0.0.202105311346/tools/bin/../lib/gcc/arm-none-eabi/9.3.1/../../../../arm-none-eabi/lib/thumb/v7e-m+fp/hard/libm.a
END GROUP
START GROUP
LOAD /opt/st/stm32cubeide_1.8.0/plugins/com.st.stm32cube.ide.mcu.externaltools.gnu-tools-for-stm32.9-2020-q2-update.linux64_2.0.0.202105311346/tools/bin/../lib/gcc/arm-none-eabi/9.3.1/thumb/v7e-m+fp/hard/libgcc.a
LOAD /opt/st/stm32cubeide_1.8.0/plugins/com.st.stm32cube.ide.mcu.externaltools.gnu-tools-for-stm32.9-2020-q2-update.linux64_2.0.0.202105311346/tools/bin/../lib/gcc/arm-none-eabi/9.3.1/../../../../arm-none-eabi/lib/thumb/v7e-m+fp/hard/libc_nano.a
END GROUP
START GROUP
LOAD /opt/st/stm32cubeide_1.8.0/plugins/com.st.stm32cube.ide.mcu.externaltools.gnu-tools-for-stm32.9-2020-q2-update.linux64_2.0.0.202105311346/tools/bin/../lib/gcc/arm-none-eabi/9.3.1/thumb/v7e-m+fp/hard/libgcc.a
LOAD /opt/st/stm32cubeide_1.8.0/plugins/com.st.stm32cube.ide.mcu.externaltools.gnu-tools-for-stm32.9-2020-q2-update.linux64_2.0.0.202105311346/tools/bin/../lib/gcc/arm-none-eabi/9.3.1/../../../../arm-none-eabi/lib/thumb/v7e-m+fp/hard/libc_nano.a
LOAD /opt/st/stm32cubeide_1.8.0/plugins/com.st.stm32cube.ide.mcu.externaltools.gnu-tools-for-stm32.9-2020-q2-update.linux64_2.0.0.202105311346/tools/bin/../lib/gcc/arm-none-eabi/9.3.1/../../../../arm-none-eabi/lib/thumb/v7e-m+fp/hard/libnosys.a
END GROUP
START GROUP
LOAD /opt/st/stm32cubeide_1.8.0/plugins/com.st.stm32cube.ide.mcu.externaltools.gnu-tools-for-stm32.9-2020-q2-update.linux64_2.0.0.202105311346/tools/bin/../lib/gcc/arm-none-eabi/9.3.1/thumb/v7e-m+fp/hard/libgcc.a
LOAD /opt/st/stm32cubeide_1.8.0/plugins/com.st.stm32cube.ide.mcu.externaltools.gnu-tools-for-stm32.9-2020-q2-update.linux64_2.0.0.202105311346/tools/bin/../lib/gcc/arm-none-eabi/9.3.1/../../../../arm-none-eabi/lib/thumb/v7e-m+fp/hard/libc_nano.a
LOAD /opt/st/stm32cubeide_1.8.0/plugins/com.st.stm32cube.ide.mcu.externaltools.gnu-tools-for-stm32.9-2020-q2-update.linux64_2.0.0.202105311346/tools/bin/../lib/gcc/arm-none-eabi/9.3.1/../../../../arm-none-eabi/lib/thumb/v7e-m+fp/hard/libnosys.a
END GROUP
LOAD /opt/st/stm32cubeide_1.8.0/plugins/com.st.stm32cube.ide.mcu.externaltools.gnu-tools-for-stm32.9-2020-q2-update.linux64_2.0.0.202105311346/tools/bin/../lib/gcc/arm-none-eabi/9.3.1/thumb/v7e-m+fp/hard/crtend.o
LOAD /opt/st/stm32cubeide_1.8.0/plugins/com.st.stm32cube.ide.mcu.externaltools.gnu-tools-for-stm32.9-2020-q2-update.linux64_2.0.0.202105311346/tools/bin/../lib/gcc/arm-none-eabi/9.3.1/thumb/v7e-m+fp/hard/crtn.o
                0x0000000020050000                _estack = (ORIGIN (RAM) + LENGTH (RAM))
                0x0000000000000200                _Min_Heap_Size = 0x200
                0x0000000000000400                _Min_Stack_Size = 0x400

.isr_vector     0x0000000008000000      0x1d8
                0x0000000008000000                . = ALIGN (0x4)
 *(.isr_vector)
 .isr_vector    0x0000000008000000      0x1d8 ./Core/Startup/startup_stm32f413zhtx.o
                0x0000000008000000                g_pfnVectors
                0x00000000080001d8                . = ALIGN (0x4)

.text           0x00000000080001e0     0x6e78
                0x00000000080001e0                . = ALIGN (0x4)
 *(.text)
 .text          0x00000000080001e0       0x40 /opt/st/stm32cubeide_1.8.0/plugins/com.st.stm32cube.ide.mcu.externaltools.gnu-tools-for-stm32.9-2020-q2-update.linux64_2.0.0.202105311346/tools/bin/../lib/gcc/arm-none-eabi/9.3.1/thumb/v7e-m+fp/hard/crtbegin.o
 .text          0x0000000008000220       0xa0 /opt/st/stm32cubeide_1.8.0/plugins/com.st.stm32cube.ide.mcu.externaltools.gnu-tools-for-stm32.9-2020-q2-update.linux64_2.0.0.202105311346/tools/bin/../lib/gcc/arm-none-eabi/9.3.1/../../../../arm-none-eabi/lib/thumb/v7e-m+fp/hard/libc_nano.a(lib_a-memchr.o)
                0x0000000008000220                memchr
 .text          0x00000000080002c0      0x378 /opt/st/stm32cubeide_1.8.0/plugins/com.st.stm32cube.ide.mcu.externaltools.gnu-tools-for-stm32.9-2020-q2-update.linux64_2.0.0.202105311346/tools/bin/../lib/gcc/arm-none-eabi/9.3.1/thumb/v7e-m+fp/hard/libgcc.a(_arm_addsubdf3.o)
                0x00000000080002c0                __aeabi_drsub
                0x00000000080002c8                __aeabi_dsub
                0x00000000080002c8                __subdf3
                0x00000000080002cc                __adddf3
                0x00000000080002cc                __aeabi_dadd
                0x0000000008000544                __aeabi_ui2d
                0x0000000008000544                __floatunsidf
                0x0000000008000564                __floatsidf
                0x0000000008000564                __aeabi_i2d
                0x0000000008000588                __extendsfdf2
                0x0000000008000588                __aeabi_f2d
                0x00000000080005cc                __aeabi_ul2d
                0x00000000080005cc                __floatundidf
                0x00000000080005dc                __floatdidf
                0x00000000080005dc                __aeabi_l2d
 .text          0x0000000008000638      0x110 /opt/st/stm32cubeide_1.8.0/plugins/com.st.stm32cube.ide.mcu.externaltools.gnu-tools-for-stm32.9-2020-q2-update.linux64_2.0.0.202105311346/tools/bin/../lib/gcc/arm-none-eabi/9.3.1/thumb/v7e-m+fp/hard/libgcc.a(_arm_cmpdf2.o)
                0x0000000008000638                __gtdf2
                0x0000000008000638                __gedf2
                0x0000000008000640                __ltdf2
                0x0000000008000640                __ledf2
                0x0000000008000648                __cmpdf2
                0x0000000008000648                __eqdf2
                0x0000000008000648                __nedf2
                0x00000000080006c4                __aeabi_cdrcmple
                0x00000000080006d4                __aeabi_cdcmple
                0x00000000080006d4                __aeabi_cdcmpeq
                0x00000000080006e4                __aeabi_dcmpeq
                0x00000000080006f8                __aeabi_dcmplt
                0x000000000800070c                __aeabi_dcmple
                0x0000000008000720                __aeabi_dcmpge
                0x0000000008000734                __aeabi_dcmpgt
 .text          0x0000000008000748       0x50 /opt/st/stm32cubeide_1.8.0/plugins/com.st.stm32cube.ide.mcu.externaltools.gnu-tools-for-stm32.9-2020-q2-update.linux64_2.0.0.202105311346/tools/bin/../lib/gcc/arm-none-eabi/9.3.1/thumb/v7e-m+fp/hard/libgcc.a(_arm_fixdfsi.o)
                0x0000000008000748                __fixdfsi
                0x0000000008000748                __aeabi_d2iz
 .text          0x0000000008000798       0x30 /opt/st/stm32cubeide_1.8.0/plugins/com.st.stm32cube.ide.mcu.externaltools.gnu-tools-for-stm32.9-2020-q2-update.linux64_2.0.0.202105311346/tools/bin/../lib/gcc/arm-none-eabi/9.3.1/thumb/v7e-m+fp/hard/libgcc.a(_aeabi_uldivmod.o)
                0x0000000008000798                __aeabi_uldivmod
 .text          0x00000000080007c8      0x2c4 /opt/st/stm32cubeide_1.8.0/plugins/com.st.stm32cube.ide.mcu.externaltools.gnu-tools-for-stm32.9-2020-q2-update.linux64_2.0.0.202105311346/tools/bin/../lib/gcc/arm-none-eabi/9.3.1/thumb/v7e-m+fp/hard/libgcc.a(_udivmoddi4.o)
                0x00000000080007c8                __udivmoddi4
 .text          0x0000000008000a8c        0x4 /opt/st/stm32cubeide_1.8.0/plugins/com.st.stm32cube.ide.mcu.externaltools.gnu-tools-for-stm32.9-2020-q2-update.linux64_2.0.0.202105311346/tools/bin/../lib/gcc/arm-none-eabi/9.3.1/thumb/v7e-m+fp/hard/libgcc.a(_dvmd_tls.o)
                0x0000000008000a8c                __aeabi_ldiv0
                0x0000000008000a8c                __aeabi_idiv0
 *(.text*)
 .text.game_init
                0x0000000008000a90       0x1c ./Core/Src/game_engine.o
                0x0000000008000a90                game_init
 .text.start_frame_update
                0x0000000008000aac       0x14 ./Core/Src/game_engine.o
                0x0000000008000aac                start_frame_update
 .text.create_player_spaceship
                0x0000000008000ac0       0x68 ./Core/Src/game_engine.o
                0x0000000008000ac0                create_player_spaceship
 .text.create_asteroid
                0x0000000008000b28      0x120 ./Core/Src/game_engine.o
                0x0000000008000b28                create_asteroid
 .text.create_rocket
                0x0000000008000c48      0x3d0 ./Core/Src/game_engine.o
                0x0000000008000c48                create_rocket
 .text.draw_player_spaceship
                0x0000000008001018       0x46 ./Core/Src/game_engine.o
                0x0000000008001018                draw_player_spaceship
 .text.draw_asteroid
                0x000000000800105e       0x68 ./Core/Src/game_engine.o
                0x000000000800105e                draw_asteroid
 .text.draw_rocket
                0x00000000080010c6       0x68 ./Core/Src/game_engine.o
                0x00000000080010c6                draw_rocket
 .text.update_player_spaceship
                0x000000000800112e       0x1c ./Core/Src/game_engine.o
                0x000000000800112e                update_player_spaceship
 *fill*         0x000000000800114a        0x2 
 .text.update_asteroid
                0x000000000800114c      0x170 ./Core/Src/game_engine.o
                0x000000000800114c                update_asteroid
 .text.update_rocket
                0x00000000080012bc      0x19c ./Core/Src/game_engine.o
                0x00000000080012bc                update_rocket
 .text.display_score
                0x0000000008001458       0x90 ./Core/Src/game_engine.o
                0x0000000008001458                display_score
 .text.display_start_screen
                0x00000000080014e8       0x70 ./Core/Src/game_engine.o
                0x00000000080014e8                display_start_screen
 .text.display_game_over_screen
                0x0000000008001558       0x48 ./Core/Src/game_engine.o
                0x0000000008001558                display_game_over_screen
 .text.reset_game
                0x00000000080015a0       0xd4 ./Core/Src/game_engine.o
                0x00000000080015a0                reset_game
 .text.wrap_coordinate
                0x0000000008001674       0xc0 ./Core/Src/game_engine.o
                0x0000000008001674                wrap_coordinate
 .text.game_random_x
                0x0000000008001734       0x38 ./Core/Src/game_engine.o
                0x0000000008001734                game_random_x
 .text.game_random_y
                0x000000000800176c       0x34 ./Core/Src/game_engine.o
                0x000000000800176c                game_random_y
 .text.game_random_sign
                0x00000000080017a0       0x44 ./Core/Src/game_engine.o
                0x00000000080017a0                game_random_sign
 .text.update_spaceship_dir
                0x00000000080017e4      0x164 ./Core/Src/game_engine.o
                0x00000000080017e4                update_spaceship_dir
 .text.update_spaceship_pos
                0x0000000008001948      0x320 ./Core/Src/game_engine.o
                0x0000000008001948                update_spaceship_pos
 .text.collision_detect
                0x0000000008001c68       0xbc ./Core/Src/game_engine.o
                0x0000000008001c68                collision_detect
 .text.delete_dead_rocket
                0x0000000008001d24       0x5a ./Core/Src/game_engine.o
                0x0000000008001d24                delete_dead_rocket
 .text.delete_dead_asteroid
                0x0000000008001d7e       0x5a ./Core/Src/game_engine.o
                0x0000000008001d7e                delete_dead_asteroid
 .text.accelerate_player_spaceship
                0x0000000008001dd8       0xb0 ./Core/Src/game_engine.o
                0x0000000008001dd8                accelerate_player_spaceship
 .text.display_black_background
                0x0000000008001e88       0x12 ./Core/Src/game_engine.o
                0x0000000008001e88                display_black_background
 *fill*         0x0000000008001e9a        0x2 
 .text.HAL_TIM_PeriodElapsedCallback
                0x0000000008001e9c       0x48 ./Core/Src/game_engine.o
                0x0000000008001e9c                HAL_TIM_PeriodElapsedCallback
 .text.joystick_read_direction
                0x0000000008001ee4      0x120 ./Core/Src/joystick.o
                0x0000000008001ee4                joystick_read_direction
 .text.main     0x0000000008002004      0x15c ./Core/Src/main.o
                0x0000000008002004                main
 .text.oled_init
                0x0000000008002160       0x12 ./Core/Src/oled.o
                0x0000000008002160                oled_init
 *fill*         0x0000000008002172        0x2 
 .text.ssd1306_Reset
                0x0000000008002174       0x40 ./Core/Src/ssd1306.o
                0x0000000008002174                ssd1306_Reset
 .text.ssd1306_WriteCommand
                0x00000000080021b4       0x4c ./Core/Src/ssd1306.o
                0x00000000080021b4                ssd1306_WriteCommand
 .text.ssd1306_WriteData
                0x0000000008002200       0x50 ./Core/Src/ssd1306.o
                0x0000000008002200                ssd1306_WriteData
 .text.ssd1306_Init
                0x0000000008002250       0xd4 ./Core/Src/ssd1306.o
                0x0000000008002250                ssd1306_Init
 .text.ssd1306_Fill
                0x0000000008002324       0x48 ./Core/Src/ssd1306.o
                0x0000000008002324                ssd1306_Fill
 .text.ssd1306_UpdateScreen
                0x000000000800236c       0x50 ./Core/Src/ssd1306.o
                0x000000000800236c                ssd1306_UpdateScreen
 .text.ssd1306_DrawPixel
                0x00000000080023bc       0xa8 ./Core/Src/ssd1306.o
                0x00000000080023bc                ssd1306_DrawPixel
 .text.ssd1306_WriteChar
                0x0000000008002464      0x110 ./Core/Src/ssd1306.o
                0x0000000008002464                ssd1306_WriteChar
 .text.ssd1306_WriteString
                0x0000000008002574       0x4c ./Core/Src/ssd1306.o
                0x0000000008002574                ssd1306_WriteString
 .text.ssd1306_SetCursor
                0x00000000080025c0       0x30 ./Core/Src/ssd1306.o
                0x00000000080025c0                ssd1306_SetCursor
 .text.ssd1306_DrawBitmap
                0x00000000080025f0       0xb6 ./Core/Src/ssd1306.o
                0x00000000080025f0                ssd1306_DrawBitmap
 .text.ssd1306_Clear
                0x00000000080026a6       0x26 ./Core/Src/ssd1306.o
                0x00000000080026a6                ssd1306_Clear
 .text.ssd1306_SetContrast
                0x00000000080026cc       0x26 ./Core/Src/ssd1306.o
                0x00000000080026cc                ssd1306_SetContrast
 *fill*         0x00000000080026f2        0x2 
 .text.ssd1306_SetDisplayOn
                0x00000000080026f4       0x3c ./Core/Src/ssd1306.o
                0x00000000080026f4                ssd1306_SetDisplayOn
 .text.HAL_MspInit
                0x0000000008002730       0x50 ./Core/Src/stm32f4xx_hal_msp.o
                0x0000000008002730                HAL_MspInit
 .text.HAL_ADC_MspInit
                0x0000000008002780       0xec ./Core/Src/stm32f4xx_hal_msp.o
                0x0000000008002780                HAL_ADC_MspInit
 .text.HAL_RNG_MspInit
                0x000000000800286c       0x78 ./Core/Src/stm32f4xx_hal_msp.o
                0x000000000800286c                HAL_RNG_MspInit
 .text.HAL_SPI_MspInit
                0x00000000080028e4       0x90 ./Core/Src/stm32f4xx_hal_msp.o
                0x00000000080028e4                HAL_SPI_MspInit
 .text.HAL_TIM_Base_MspInit
                0x0000000008002974       0x88 ./Core/Src/stm32f4xx_hal_msp.o
                0x0000000008002974                HAL_TIM_Base_MspInit
 .text.NMI_Handler
                0x00000000080029fc        0x6 ./Core/Src/stm32f4xx_it.o
                0x00000000080029fc                NMI_Handler
 .text.HardFault_Handler
                0x0000000008002a02        0x6 ./Core/Src/stm32f4xx_it.o
                0x0000000008002a02                HardFault_Handler
 .text.MemManage_Handler
                0x0000000008002a08        0x6 ./Core/Src/stm32f4xx_it.o
                0x0000000008002a08                MemManage_Handler
 .text.BusFault_Handler
                0x0000000008002a0e        0x6 ./Core/Src/stm32f4xx_it.o
                0x0000000008002a0e                BusFault_Handler
 .text.UsageFault_Handler
                0x0000000008002a14        0x6 ./Core/Src/stm32f4xx_it.o
                0x0000000008002a14                UsageFault_Handler
 .text.SVC_Handler
                0x0000000008002a1a        0xe ./Core/Src/stm32f4xx_it.o
                0x0000000008002a1a                SVC_Handler
 .text.DebugMon_Handler
                0x0000000008002a28        0xe ./Core/Src/stm32f4xx_it.o
                0x0000000008002a28                DebugMon_Handler
 .text.PendSV_Handler
                0x0000000008002a36        0xe ./Core/Src/stm32f4xx_it.o
                0x0000000008002a36                PendSV_Handler
 .text.SysTick_Handler
                0x0000000008002a44        0xc ./Core/Src/stm32f4xx_it.o
                0x0000000008002a44                SysTick_Handler
 .text.TIM2_IRQHandler
                0x0000000008002a50       0x14 ./Core/Src/stm32f4xx_it.o
                0x0000000008002a50                TIM2_IRQHandler
 .text.TIM4_IRQHandler
                0x0000000008002a64       0x14 ./Core/Src/stm32f4xx_it.o
                0x0000000008002a64                TIM4_IRQHandler
 .text.DMA2_Stream0_IRQHandler
                0x0000000008002a78       0x14 ./Core/Src/stm32f4xx_it.o
                0x0000000008002a78                DMA2_Stream0_IRQHandler
 .text.RNG_IRQHandler
                0x0000000008002a8c       0x14 ./Core/Src/stm32f4xx_it.o
                0x0000000008002a8c                RNG_IRQHandler
 .text._sbrk    0x0000000008002aa0       0x6c ./Core/Src/sysmem.o
                0x0000000008002aa0                _sbrk
 .text.SystemInit
                0x0000000008002b0c       0x24 ./Core/Src/system_stm32f4xx.o
                0x0000000008002b0c                SystemInit
 .text.vector_init
                0x0000000008002b30       0x30 ./Core/Src/vector.o
                0x0000000008002b30                vector_init
 .text.vector_resize
                0x0000000008002b60       0x36 ./Core/Src/vector.o
 .text.vector_add
                0x0000000008002b96       0x42 ./Core/Src/vector.o
                0x0000000008002b96                vector_add
 .text.vector_get
                0x0000000008002bd8       0x36 ./Core/Src/vector.o
                0x0000000008002bd8                vector_get
 .text.vector_delete
                0x0000000008002c0e       0xaa ./Core/Src/vector.o
                0x0000000008002c0e                vector_delete
 .text.HAL_RNG_ReadyDataCallback
                0x0000000008002cb8       0x20 ./Core/Src/peripheral-drivers-src/drivers.o
                0x0000000008002cb8                HAL_RNG_ReadyDataCallback
 .text.SystemClock_Config
                0x0000000008002cd8       0xd4 ./Core/Src/peripheral-drivers-src/drivers.o
                0x0000000008002cd8                SystemClock_Config
 .text.MX_ADC1_Init
                0x0000000008002dac       0xc4 ./Core/Src/peripheral-drivers-src/drivers.o
 .text.MX_DMA_Init
                0x0000000008002e70       0x40 ./Core/Src/peripheral-drivers-src/drivers.o
 .text.MX_SPI1_Init
                0x0000000008002eb0       0x6c ./Core/Src/peripheral-drivers-src/drivers.o
 .text.MX_GPIO_Init
                0x0000000008002f1c      0x234 ./Core/Src/peripheral-drivers-src/drivers.o
 .text.MX_TIM2_Init
                0x0000000008003150       0x98 ./Core/Src/peripheral-drivers-src/drivers.o
 .text.MX_TIM4_Init
                0x00000000080031e8       0x9c ./Core/Src/peripheral-drivers-src/drivers.o
 .text.MX_RNG_Init
                0x0000000008003284       0x28 ./Core/Src/peripheral-drivers-src/drivers.o
 .text.Error_Handler
                0x00000000080032ac        0xa ./Core/Src/peripheral-drivers-src/drivers.o
                0x00000000080032ac                Error_Handler
 *fill*         0x00000000080032b6        0x2 
 .text.generate_randomNumber
                0x00000000080032b8       0x44 ./Core/Src/peripheral-drivers-src/drivers.o
                0x00000000080032b8                generate_randomNumber
 .text.button_readPin
                0x00000000080032fc       0x38 ./Core/Src/peripheral-drivers-src/drivers.o
                0x00000000080032fc                button_readPin
 .text.drivers_init
                0x0000000008003334       0x2c ./Core/Src/peripheral-drivers-src/drivers.o
                0x0000000008003334                drivers_init
 .text.Reset_Handler
                0x0000000008003360       0x50 ./Core/Startup/startup_stm32f413zhtx.o
                0x0000000008003360                Reset_Handler
 .text.Default_Handler
                0x00000000080033b0        0x2 ./Core/Startup/startup_stm32f413zhtx.o
                0x00000000080033b0                RTC_Alarm_IRQHandler
                0x00000000080033b0                EXTI2_IRQHandler
                0x00000000080033b0                TIM8_CC_IRQHandler
                0x00000000080033b0                UART8_IRQHandler
                0x00000000080033b0                FMPI2C1_EV_IRQHandler
                0x00000000080033b0                SPI4_IRQHandler
                0x00000000080033b0                TIM1_CC_IRQHandler
                0x00000000080033b0                DMA2_Stream5_IRQHandler
                0x00000000080033b0                DMA1_Stream5_IRQHandler
                0x00000000080033b0                CAN3_RX1_IRQHandler
                0x00000000080033b0                PVD_IRQHandler
                0x00000000080033b0                SDIO_IRQHandler
                0x00000000080033b0                TAMP_STAMP_IRQHandler
                0x00000000080033b0                CAN2_RX1_IRQHandler
                0x00000000080033b0                EXTI3_IRQHandler
                0x00000000080033b0                TIM8_TRG_COM_TIM14_IRQHandler
                0x00000000080033b0                DFSDM1_FLT1_IRQHandler
                0x00000000080033b0                TIM1_UP_TIM10_IRQHandler
                0x00000000080033b0                TIM8_UP_TIM13_IRQHandler
                0x00000000080033b0                I2C3_ER_IRQHandler
                0x00000000080033b0                EXTI0_IRQHandler
                0x00000000080033b0                I2C2_EV_IRQHandler
                0x00000000080033b0                DMA1_Stream2_IRQHandler
                0x00000000080033b0                CAN1_RX0_IRQHandler
                0x00000000080033b0                FPU_IRQHandler
                0x00000000080033b0                CAN3_SCE_IRQHandler
                0x00000000080033b0                CAN2_SCE_IRQHandler
                0x00000000080033b0                DMA2_Stream2_IRQHandler
                0x00000000080033b0                SPI1_IRQHandler
                0x00000000080033b0                TIM6_DAC_IRQHandler
                0x00000000080033b0                TIM1_BRK_TIM9_IRQHandler
                0x00000000080033b0                CAN2_RX0_IRQHandler
                0x00000000080033b0                DMA2_Stream3_IRQHandler
                0x00000000080033b0                USART6_IRQHandler
                0x00000000080033b0                CAN3_RX0_IRQHandler
                0x00000000080033b0                USART3_IRQHandler
                0x00000000080033b0                DFSDM2_FLT3_IRQHandler
                0x00000000080033b0                CAN1_RX1_IRQHandler
                0x00000000080033b0                UART5_IRQHandler
                0x00000000080033b0                QUADSPI_IRQHandler
                0x00000000080033b0                I2C1_EV_IRQHandler
                0x00000000080033b0                DMA1_Stream6_IRQHandler
                0x00000000080033b0                DMA1_Stream1_IRQHandler
                0x00000000080033b0                UART4_IRQHandler
                0x00000000080033b0                TIM3_IRQHandler
                0x00000000080033b0                RCC_IRQHandler
                0x00000000080033b0                UART9_IRQHandler
                0x00000000080033b0                TIM8_BRK_TIM12_IRQHandler
                0x00000000080033b0                Default_Handler
                0x00000000080033b0                EXTI15_10_IRQHandler
                0x00000000080033b0                ADC_IRQHandler
                0x00000000080033b0                DMA1_Stream7_IRQHandler
                0x00000000080033b0                DFSDM2_FLT0_IRQHandler
                0x00000000080033b0                SPI5_IRQHandler
                0x00000000080033b0                TIM7_IRQHandler
                0x00000000080033b0                CAN2_TX_IRQHandler
                0x00000000080033b0                TIM5_IRQHandler
                0x00000000080033b0                DMA2_Stream7_IRQHandler
                0x00000000080033b0                I2C3_EV_IRQHandler
                0x00000000080033b0                DFSDM2_FLT2_IRQHandler
                0x00000000080033b0                EXTI9_5_IRQHandler
                0x00000000080033b0                RTC_WKUP_IRQHandler
                0x00000000080033b0                SPI2_IRQHandler
                0x00000000080033b0                DMA1_Stream0_IRQHandler
                0x00000000080033b0                CAN1_TX_IRQHandler
                0x00000000080033b0                FMPI2C1_ER_IRQHandler
                0x00000000080033b0                EXTI4_IRQHandler
                0x00000000080033b0                DFSDM2_FLT1_IRQHandler
                0x00000000080033b0                FSMC_IRQHandler
                0x00000000080033b0                WWDG_IRQHandler
                0x00000000080033b0                CAN3_TX_IRQHandler
                0x00000000080033b0                OTG_FS_WKUP_IRQHandler
                0x00000000080033b0                TIM1_TRG_COM_TIM11_IRQHandler
                0x00000000080033b0                EXTI1_IRQHandler
                0x00000000080033b0                UART7_IRQHandler
                0x00000000080033b0                USART2_IRQHandler
                0x00000000080033b0                DFSDM1_FLT0_IRQHandler
                0x00000000080033b0                I2C2_ER_IRQHandler
                0x00000000080033b0                DMA2_Stream1_IRQHandler
                0x00000000080033b0                CAN1_SCE_IRQHandler
                0x00000000080033b0                FLASH_IRQHandler
                0x00000000080033b0                DMA2_Stream4_IRQHandler
                0x00000000080033b0                USART1_IRQHandler
                0x00000000080033b0                OTG_FS_IRQHandler
                0x00000000080033b0                SPI3_IRQHandler
                0x00000000080033b0                DMA1_Stream4_IRQHandler
                0x00000000080033b0                I2C1_ER_IRQHandler
                0x00000000080033b0                LPTIM1_IRQHandler
                0x00000000080033b0                DMA2_Stream6_IRQHandler
                0x00000000080033b0                UART10_IRQHandler
                0x00000000080033b0                SAI1_IRQHandler
                0x00000000080033b0                DMA1_Stream3_IRQHandler
 *fill*         0x00000000080033b2        0x2 
 .text.HAL_Init
                0x00000000080033b4       0x44 ./Drivers/STM32F4xx_HAL_Driver/Src/stm32f4xx_hal.o
                0x00000000080033b4                HAL_Init
 .text.HAL_InitTick
                0x00000000080033f8       0x60 ./Drivers/STM32F4xx_HAL_Driver/Src/stm32f4xx_hal.o
                0x00000000080033f8                HAL_InitTick
 .text.HAL_IncTick
                0x0000000008003458       0x28 ./Drivers/STM32F4xx_HAL_Driver/Src/stm32f4xx_hal.o
                0x0000000008003458                HAL_IncTick
 .text.HAL_GetTick
                0x0000000008003480       0x18 ./Drivers/STM32F4xx_HAL_Driver/Src/stm32f4xx_hal.o
                0x0000000008003480                HAL_GetTick
 .text.HAL_Delay
                0x0000000008003498       0x48 ./Drivers/STM32F4xx_HAL_Driver/Src/stm32f4xx_hal.o
                0x0000000008003498                HAL_Delay
 .text.HAL_ADC_Init
                0x00000000080034e0       0x86 ./Drivers/STM32F4xx_HAL_Driver/Src/stm32f4xx_hal_adc.o
                0x00000000080034e0                HAL_ADC_Init
 *fill*         0x0000000008003566        0x2 
 .text.HAL_ADC_Start_DMA
                0x0000000008003568      0x1e0 ./Drivers/STM32F4xx_HAL_Driver/Src/stm32f4xx_hal_adc.o
                0x0000000008003568                HAL_ADC_Start_DMA
 .text.HAL_ADC_ConvCpltCallback
                0x0000000008003748       0x14 ./Drivers/STM32F4xx_HAL_Driver/Src/stm32f4xx_hal_adc.o
                0x0000000008003748                HAL_ADC_ConvCpltCallback
 .text.HAL_ADC_ConvHalfCpltCallback
                0x000000000800375c       0x14 ./Drivers/STM32F4xx_HAL_Driver/Src/stm32f4xx_hal_adc.o
                0x000000000800375c                HAL_ADC_ConvHalfCpltCallback
 .text.HAL_ADC_ErrorCallback
                0x0000000008003770       0x14 ./Drivers/STM32F4xx_HAL_Driver/Src/stm32f4xx_hal_adc.o
                0x0000000008003770                HAL_ADC_ErrorCallback
 .text.HAL_ADC_ConfigChannel
                0x0000000008003784      0x264 ./Drivers/STM32F4xx_HAL_Driver/Src/stm32f4xx_hal_adc.o
                0x0000000008003784                HAL_ADC_ConfigChannel
 .text.ADC_Init
                0x00000000080039e8      0x1f8 ./Drivers/STM32F4xx_HAL_Driver/Src/stm32f4xx_hal_adc.o
 .text.ADC_DMAConvCplt
                0x0000000008003be0       0xba ./Drivers/STM32F4xx_HAL_Driver/Src/stm32f4xx_hal_adc.o
 .text.ADC_DMAHalfConvCplt
                0x0000000008003c9a       0x1c ./Drivers/STM32F4xx_HAL_Driver/Src/stm32f4xx_hal_adc.o
 .text.ADC_DMAError
                0x0000000008003cb6       0x2e ./Drivers/STM32F4xx_HAL_Driver/Src/stm32f4xx_hal_adc.o
 .text.__NVIC_SetPriorityGrouping
                0x0000000008003ce4       0x48 ./Drivers/STM32F4xx_HAL_Driver/Src/stm32f4xx_hal_cortex.o
 .text.__NVIC_GetPriorityGrouping
                0x0000000008003d2c       0x1c ./Drivers/STM32F4xx_HAL_Driver/Src/stm32f4xx_hal_cortex.o
 .text.__NVIC_EnableIRQ
                0x0000000008003d48       0x3c ./Drivers/STM32F4xx_HAL_Driver/Src/stm32f4xx_hal_cortex.o
 .text.__NVIC_SetPriority
                0x0000000008003d84       0x54 ./Drivers/STM32F4xx_HAL_Driver/Src/stm32f4xx_hal_cortex.o
 .text.NVIC_EncodePriority
                0x0000000008003dd8       0x66 ./Drivers/STM32F4xx_HAL_Driver/Src/stm32f4xx_hal_cortex.o
 *fill*         0x0000000008003e3e        0x2 
 .text.SysTick_Config
                0x0000000008003e40       0x44 ./Drivers/STM32F4xx_HAL_Driver/Src/stm32f4xx_hal_cortex.o
 .text.HAL_NVIC_SetPriorityGrouping
                0x0000000008003e84       0x16 ./Drivers/STM32F4xx_HAL_Driver/Src/stm32f4xx_hal_cortex.o
                0x0000000008003e84                HAL_NVIC_SetPriorityGrouping
 .text.HAL_NVIC_SetPriority
                0x0000000008003e9a       0x38 ./Drivers/STM32F4xx_HAL_Driver/Src/stm32f4xx_hal_cortex.o
                0x0000000008003e9a                HAL_NVIC_SetPriority
 .text.HAL_NVIC_EnableIRQ
                0x0000000008003ed2       0x1c ./Drivers/STM32F4xx_HAL_Driver/Src/stm32f4xx_hal_cortex.o
                0x0000000008003ed2                HAL_NVIC_EnableIRQ
 .text.HAL_SYSTICK_Config
                0x0000000008003eee       0x18 ./Drivers/STM32F4xx_HAL_Driver/Src/stm32f4xx_hal_cortex.o
                0x0000000008003eee                HAL_SYSTICK_Config
 *fill*         0x0000000008003f06        0x2 
 .text.HAL_DMA_Init
                0x0000000008003f08      0x15c ./Drivers/STM32F4xx_HAL_Driver/Src/stm32f4xx_hal_dma.o
                0x0000000008003f08                HAL_DMA_Init
 .text.HAL_DMA_Start_IT
                0x0000000008004064       0xb0 ./Drivers/STM32F4xx_HAL_Driver/Src/stm32f4xx_hal_dma.o
                0x0000000008004064                HAL_DMA_Start_IT
 .text.HAL_DMA_IRQHandler
                0x0000000008004114      0x314 ./Drivers/STM32F4xx_HAL_Driver/Src/stm32f4xx_hal_dma.o
                0x0000000008004114                HAL_DMA_IRQHandler
 .text.DMA_SetConfig
                0x0000000008004428       0x5c ./Drivers/STM32F4xx_HAL_Driver/Src/stm32f4xx_hal_dma.o
 .text.DMA_CalcBaseAndBitshift
                0x0000000008004484       0x6c ./Drivers/STM32F4xx_HAL_Driver/Src/stm32f4xx_hal_dma.o
 .text.DMA_CheckFifoParam
                0x00000000080044f0       0xf8 ./Drivers/STM32F4xx_HAL_Driver/Src/stm32f4xx_hal_dma.o
 .text.HAL_GPIO_Init
                0x00000000080045e8      0x328 ./Drivers/STM32F4xx_HAL_Driver/Src/stm32f4xx_hal_gpio.o
                0x00000000080045e8                HAL_GPIO_Init
 .text.HAL_GPIO_ReadPin
                0x0000000008004910       0x30 ./Drivers/STM32F4xx_HAL_Driver/Src/stm32f4xx_hal_gpio.o
                0x0000000008004910                HAL_GPIO_ReadPin
 .text.HAL_GPIO_WritePin
                0x0000000008004940       0x32 ./Drivers/STM32F4xx_HAL_Driver/Src/stm32f4xx_hal_gpio.o
                0x0000000008004940                HAL_GPIO_WritePin
 .text.HAL_GPIO_TogglePin
                0x0000000008004972       0x34 ./Drivers/STM32F4xx_HAL_Driver/Src/stm32f4xx_hal_gpio.o
                0x0000000008004972                HAL_GPIO_TogglePin
 *fill*         0x00000000080049a6        0x2 
 .text.HAL_RCC_ClockConfig
                0x00000000080049a8      0x1cc ./Drivers/STM32F4xx_HAL_Driver/Src/stm32f4xx_hal_rcc.o
                0x00000000080049a8                HAL_RCC_ClockConfig
 .text.HAL_RCC_GetSysClockFreq
                0x0000000008004b74      0x1c4 ./Drivers/STM32F4xx_HAL_Driver/Src/stm32f4xx_hal_rcc.o
                0x0000000008004b74                HAL_RCC_GetSysClockFreq
 .text.HAL_RCCEx_PeriphCLKConfig
                0x0000000008004d38      0x518 ./Drivers/STM32F4xx_HAL_Driver/Src/stm32f4xx_hal_rcc_ex.o
                0x0000000008004d38                HAL_RCCEx_PeriphCLKConfig
 .text.HAL_RCC_OscConfig
                0x0000000008005250      0x508 ./Drivers/STM32F4xx_HAL_Driver/Src/stm32f4xx_hal_rcc_ex.o
                0x0000000008005250                HAL_RCC_OscConfig
 .text.HAL_RNG_Init
                0x0000000008005758       0x54 ./Drivers/STM32F4xx_HAL_Driver/Src/stm32f4xx_hal_rng.o
                0x0000000008005758                HAL_RNG_Init
 .text.HAL_RNG_GenerateRandomNumber_IT
                0x00000000080057ac       0x5e ./Drivers/STM32F4xx_HAL_Driver/Src/stm32f4xx_hal_rng.o
                0x00000000080057ac                HAL_RNG_GenerateRandomNumber_IT
 .text.HAL_RNG_IRQHandler
                0x000000000800580a       0xac ./Drivers/STM32F4xx_HAL_Driver/Src/stm32f4xx_hal_rng.o
                0x000000000800580a                HAL_RNG_IRQHandler
 .text.HAL_RNG_ReadLastRandomNumber
                0x00000000080058b6       0x18 ./Drivers/STM32F4xx_HAL_Driver/Src/stm32f4xx_hal_rng.o
                0x00000000080058b6                HAL_RNG_ReadLastRandomNumber
 .text.HAL_RNG_ErrorCallback
                0x00000000080058ce       0x14 ./Drivers/STM32F4xx_HAL_Driver/Src/stm32f4xx_hal_rng.o
                0x00000000080058ce                HAL_RNG_ErrorCallback
 .text.HAL_SPI_Init
                0x00000000080058e2      0x112 ./Drivers/STM32F4xx_HAL_Driver/Src/stm32f4xx_hal_spi.o
                0x00000000080058e2                HAL_SPI_Init
 .text.HAL_SPI_Transmit
                0x00000000080059f4      0x278 ./Drivers/STM32F4xx_HAL_Driver/Src/stm32f4xx_hal_spi.o
                0x00000000080059f4                HAL_SPI_Transmit
 .text.SPI_WaitFlagStateUntilTimeout
                0x0000000008005c6c      0x110 ./Drivers/STM32F4xx_HAL_Driver/Src/stm32f4xx_hal_spi.o
 .text.SPI_EndRxTxTransaction
                0x0000000008005d7c       0x84 ./Drivers/STM32F4xx_HAL_Driver/Src/stm32f4xx_hal_spi.o
 .text.HAL_TIM_Base_Init
                0x0000000008005e00       0x9e ./Drivers/STM32F4xx_HAL_Driver/Src/stm32f4xx_hal_tim.o
                0x0000000008005e00                HAL_TIM_Base_Init
 *fill*         0x0000000008005e9e        0x2 
 .text.HAL_TIM_Base_Start_IT
                0x0000000008005ea0       0xe0 ./Drivers/STM32F4xx_HAL_Driver/Src/stm32f4xx_hal_tim.o
                0x0000000008005ea0                HAL_TIM_Base_Start_IT
 .text.HAL_TIM_Base_Stop_IT
                0x0000000008005f80       0x5e ./Drivers/STM32F4xx_HAL_Driver/Src/stm32f4xx_hal_tim.o
                0x0000000008005f80                HAL_TIM_Base_Stop_IT
 .text.HAL_TIM_IRQHandler
                0x0000000008005fde      0x210 ./Drivers/STM32F4xx_HAL_Driver/Src/stm32f4xx_hal_tim.o
                0x0000000008005fde                HAL_TIM_IRQHandler
 .text.HAL_TIM_ConfigClockSource
                0x00000000080061ee      0x18e ./Drivers/STM32F4xx_HAL_Driver/Src/stm32f4xx_hal_tim.o
                0x00000000080061ee                HAL_TIM_ConfigClockSource
 .text.HAL_TIM_OC_DelayElapsedCallback
                0x000000000800637c       0x14 ./Drivers/STM32F4xx_HAL_Driver/Src/stm32f4xx_hal_tim.o
                0x000000000800637c                HAL_TIM_OC_DelayElapsedCallback
 .text.HAL_TIM_IC_CaptureCallback
                0x0000000008006390       0x14 ./Drivers/STM32F4xx_HAL_Driver/Src/stm32f4xx_hal_tim.o
                0x0000000008006390                HAL_TIM_IC_CaptureCallback
 .text.HAL_TIM_PWM_PulseFinishedCallback
                0x00000000080063a4       0x14 ./Drivers/STM32F4xx_HAL_Driver/Src/stm32f4xx_hal_tim.o
                0x00000000080063a4                HAL_TIM_PWM_PulseFinishedCallback
 .text.HAL_TIM_TriggerCallback
                0x00000000080063b8       0x14 ./Drivers/STM32F4xx_HAL_Driver/Src/stm32f4xx_hal_tim.o
                0x00000000080063b8                HAL_TIM_TriggerCallback
 .text.TIM_Base_SetConfig
                0x00000000080063cc      0x140 ./Drivers/STM32F4xx_HAL_Driver/Src/stm32f4xx_hal_tim.o
                0x00000000080063cc                TIM_Base_SetConfig
 .text.TIM_TI1_ConfigInputStage
                0x000000000800650c       0x5e ./Drivers/STM32F4xx_HAL_Driver/Src/stm32f4xx_hal_tim.o
 .text.TIM_TI2_ConfigInputStage
                0x000000000800656a       0x60 ./Drivers/STM32F4xx_HAL_Driver/Src/stm32f4xx_hal_tim.o
 .text.TIM_ITRx_SetConfig
                0x00000000080065ca       0x36 ./Drivers/STM32F4xx_HAL_Driver/Src/stm32f4xx_hal_tim.o
 .text.TIM_ETR_SetConfig
                0x0000000008006600       0x40 ./Drivers/STM32F4xx_HAL_Driver/Src/stm32f4xx_hal_tim.o
                0x0000000008006600                TIM_ETR_SetConfig
 .text.HAL_TIMEx_MasterConfigSynchronization
                0x0000000008006640       0xf8 ./Drivers/STM32F4xx_HAL_Driver/Src/stm32f4xx_hal_tim_ex.o
                0x0000000008006640                HAL_TIMEx_MasterConfigSynchronization
 .text.HAL_TIMEx_CommutCallback
                0x0000000008006738       0x14 ./Drivers/STM32F4xx_HAL_Driver/Src/stm32f4xx_hal_tim_ex.o
                0x0000000008006738                HAL_TIMEx_CommutCallback
 .text.HAL_TIMEx_BreakCallback
                0x000000000800674c       0x14 ./Drivers/STM32F4xx_HAL_Driver/Src/stm32f4xx_hal_tim_ex.o
                0x000000000800674c                HAL_TIMEx_BreakCallback
 .text.__errno  0x0000000008006760        0xc /opt/st/stm32cubeide_1.8.0/plugins/com.st.stm32cube.ide.mcu.externaltools.gnu-tools-for-stm32.9-2020-q2-update.linux64_2.0.0.202105311346/tools/bin/../lib/gcc/arm-none-eabi/9.3.1/../../../../arm-none-eabi/lib/thumb/v7e-m+fp/hard/libc_nano.a(lib_a-errno.o)
                0x0000000008006760                __errno
 .text.__libc_init_array
                0x000000000800676c       0x48 /opt/st/stm32cubeide_1.8.0/plugins/com.st.stm32cube.ide.mcu.externaltools.gnu-tools-for-stm32.9-2020-q2-update.linux64_2.0.0.202105311346/tools/bin/../lib/gcc/arm-none-eabi/9.3.1/../../../../arm-none-eabi/lib/thumb/v7e-m+fp/hard/libc_nano.a(lib_a-init.o)
                0x000000000800676c                __libc_init_array
 .text.malloc   0x00000000080067b4       0x10 /opt/st/stm32cubeide_1.8.0/plugins/com.st.stm32cube.ide.mcu.externaltools.gnu-tools-for-stm32.9-2020-q2-update.linux64_2.0.0.202105311346/tools/bin/../lib/gcc/arm-none-eabi/9.3.1/../../../../arm-none-eabi/lib/thumb/v7e-m+fp/hard/libc_nano.a(lib_a-malloc.o)
                0x00000000080067b4                malloc
 .text.memcpy   0x00000000080067c4       0x1c /opt/st/stm32cubeide_1.8.0/plugins/com.st.stm32cube.ide.mcu.externaltools.gnu-tools-for-stm32.9-2020-q2-update.linux64_2.0.0.202105311346/tools/bin/../lib/gcc/arm-none-eabi/9.3.1/../../../../arm-none-eabi/lib/thumb/v7e-m+fp/hard/libc_nano.a(lib_a-memcpy-stub.o)
                0x00000000080067c4                memcpy
 .text.memset   0x00000000080067e0       0x10 /opt/st/stm32cubeide_1.8.0/plugins/com.st.stm32cube.ide.mcu.externaltools.gnu-tools-for-stm32.9-2020-q2-update.linux64_2.0.0.202105311346/tools/bin/../lib/gcc/arm-none-eabi/9.3.1/../../../../arm-none-eabi/lib/thumb/v7e-m+fp/hard/libc_nano.a(lib_a-memset.o)
                0x00000000080067e0                memset
 .text._free_r  0x00000000080067f0       0xa0 /opt/st/stm32cubeide_1.8.0/plugins/com.st.stm32cube.ide.mcu.externaltools.gnu-tools-for-stm32.9-2020-q2-update.linux64_2.0.0.202105311346/tools/bin/../lib/gcc/arm-none-eabi/9.3.1/../../../../arm-none-eabi/lib/thumb/v7e-m+fp/hard/libc_nano.a(lib_a-nano-freer.o)
                0x00000000080067f0                _free_r
 .text._malloc_r
                0x0000000008006890       0xb4 /opt/st/stm32cubeide_1.8.0/plugins/com.st.stm32cube.ide.mcu.externaltools.gnu-tools-for-stm32.9-2020-q2-update.linux64_2.0.0.202105311346/tools/bin/../lib/gcc/arm-none-eabi/9.3.1/../../../../arm-none-eabi/lib/thumb/v7e-m+fp/hard/libc_nano.a(lib_a-nano-mallocr.o)
                0x0000000008006890                _malloc_r
 .text.realloc  0x0000000008006944       0x10 /opt/st/stm32cubeide_1.8.0/plugins/com.st.stm32cube.ide.mcu.externaltools.gnu-tools-for-stm32.9-2020-q2-update.linux64_2.0.0.202105311346/tools/bin/../lib/gcc/arm-none-eabi/9.3.1/../../../../arm-none-eabi/lib/thumb/v7e-m+fp/hard/libc_nano.a(lib_a-realloc.o)
                0x0000000008006944                realloc
 .text._sbrk_r  0x0000000008006954       0x20 /opt/st/stm32cubeide_1.8.0/plugins/com.st.stm32cube.ide.mcu.externaltools.gnu-tools-for-stm32.9-2020-q2-update.linux64_2.0.0.202105311346/tools/bin/../lib/gcc/arm-none-eabi/9.3.1/../../../../arm-none-eabi/lib/thumb/v7e-m+fp/hard/libc_nano.a(lib_a-sbrkr.o)
                0x0000000008006954                _sbrk_r
 .text.sprintf  0x0000000008006974       0x40 /opt/st/stm32cubeide_1.8.0/plugins/com.st.stm32cube.ide.mcu.externaltools.gnu-tools-for-stm32.9-2020-q2-update.linux64_2.0.0.202105311346/tools/bin/../lib/gcc/arm-none-eabi/9.3.1/../../../../arm-none-eabi/lib/thumb/v7e-m+fp/hard/libc_nano.a(lib_a-sprintf.o)
                0x0000000008006974                sprintf
                0x0000000008006974                siprintf
 .text.__malloc_lock
                0x00000000080069b4        0xc /opt/st/stm32cubeide_1.8.0/plugins/com.st.stm32cube.ide.mcu.externaltools.gnu-tools-for-stm32.9-2020-q2-update.linux64_2.0.0.202105311346/tools/bin/../lib/gcc/arm-none-eabi/9.3.1/../../../../arm-none-eabi/lib/thumb/v7e-m+fp/hard/libc_nano.a(lib_a-mlock.o)
                0x00000000080069b4                __malloc_lock
 .text.__malloc_unlock
                0x00000000080069c0        0xc /opt/st/stm32cubeide_1.8.0/plugins/com.st.stm32cube.ide.mcu.externaltools.gnu-tools-for-stm32.9-2020-q2-update.linux64_2.0.0.202105311346/tools/bin/../lib/gcc/arm-none-eabi/9.3.1/../../../../arm-none-eabi/lib/thumb/v7e-m+fp/hard/libc_nano.a(lib_a-mlock.o)
                0x00000000080069c0                __malloc_unlock
 .text._realloc_r
                0x00000000080069cc       0x4c /opt/st/stm32cubeide_1.8.0/plugins/com.st.stm32cube.ide.mcu.externaltools.gnu-tools-for-stm32.9-2020-q2-update.linux64_2.0.0.202105311346/tools/bin/../lib/gcc/arm-none-eabi/9.3.1/../../../../arm-none-eabi/lib/thumb/v7e-m+fp/hard/libc_nano.a(lib_a-nano-reallocr.o)
                0x00000000080069cc                _realloc_r
 .text.__ssputs_r
                0x0000000008006a18       0xb6 /opt/st/stm32cubeide_1.8.0/plugins/com.st.stm32cube.ide.mcu.externaltools.gnu-tools-for-stm32.9-2020-q2-update.linux64_2.0.0.202105311346/tools/bin/../lib/gcc/arm-none-eabi/9.3.1/../../../../arm-none-eabi/lib/thumb/v7e-m+fp/hard/libc_nano.a(lib_a-nano-svfprintf.o)
                0x0000000008006a18                __ssputs_r
 *fill*         0x0000000008006ace        0x2 
 .text._svfprintf_r
                0x0000000008006ad0      0x200 /opt/st/stm32cubeide_1.8.0/plugins/com.st.stm32cube.ide.mcu.externaltools.gnu-tools-for-stm32.9-2020-q2-update.linux64_2.0.0.202105311346/tools/bin/../lib/gcc/arm-none-eabi/9.3.1/../../../../arm-none-eabi/lib/thumb/v7e-m+fp/hard/libc_nano.a(lib_a-nano-svfprintf.o)
                0x0000000008006ad0                _svfprintf_r
                0x0000000008006ad0                _svfiprintf_r
 .text._printf_common
                0x0000000008006cd0       0xda /opt/st/stm32cubeide_1.8.0/plugins/com.st.stm32cube.ide.mcu.externaltools.gnu-tools-for-stm32.9-2020-q2-update.linux64_2.0.0.202105311346/tools/bin/../lib/gcc/arm-none-eabi/9.3.1/../../../../arm-none-eabi/lib/thumb/v7e-m+fp/hard/libc_nano.a(lib_a-nano-vfprintf_i.o)
                0x0000000008006cd0                _printf_common
 *fill*         0x0000000008006daa        0x2 
 .text._printf_i
                0x0000000008006dac      0x24c /opt/st/stm32cubeide_1.8.0/plugins/com.st.stm32cube.ide.mcu.externaltools.gnu-tools-for-stm32.9-2020-q2-update.linux64_2.0.0.202105311346/tools/bin/../lib/gcc/arm-none-eabi/9.3.1/../../../../arm-none-eabi/lib/thumb/v7e-m+fp/hard/libc_nano.a(lib_a-nano-vfprintf_i.o)
                0x0000000008006dac                _printf_i
 .text.__retarget_lock_acquire_recursive
                0x0000000008006ff8        0x2 /opt/st/stm32cubeide_1.8.0/plugins/com.st.stm32cube.ide.mcu.externaltools.gnu-tools-for-stm32.9-2020-q2-update.linux64_2.0.0.202105311346/tools/bin/../lib/gcc/arm-none-eabi/9.3.1/../../../../arm-none-eabi/lib/thumb/v7e-m+fp/hard/libc_nano.a(lib_a-lock.o)
                0x0000000008006ff8                __retarget_lock_acquire_recursive
 .text.__retarget_lock_release_recursive
                0x0000000008006ffa        0x2 /opt/st/stm32cubeide_1.8.0/plugins/com.st.stm32cube.ide.mcu.externaltools.gnu-tools-for-stm32.9-2020-q2-update.linux64_2.0.0.202105311346/tools/bin/../lib/gcc/arm-none-eabi/9.3.1/../../../../arm-none-eabi/lib/thumb/v7e-m+fp/hard/libc_nano.a(lib_a-lock.o)
                0x0000000008006ffa                __retarget_lock_release_recursive
 .text.memmove  0x0000000008006ffc       0x34 /opt/st/stm32cubeide_1.8.0/plugins/com.st.stm32cube.ide.mcu.externaltools.gnu-tools-for-stm32.9-2020-q2-update.linux64_2.0.0.202105311346/tools/bin/../lib/gcc/arm-none-eabi/9.3.1/../../../../arm-none-eabi/lib/thumb/v7e-m+fp/hard/libc_nano.a(lib_a-memmove.o)
                0x0000000008006ffc                memmove
 .text._malloc_usable_size_r
                0x0000000008007030       0x10 /opt/st/stm32cubeide_1.8.0/plugins/com.st.stm32cube.ide.mcu.externaltools.gnu-tools-for-stm32.9-2020-q2-update.linux64_2.0.0.202105311346/tools/bin/../lib/gcc/arm-none-eabi/9.3.1/../../../../arm-none-eabi/lib/thumb/v7e-m+fp/hard/libc_nano.a(lib_a-nano-msizer.o)
                0x0000000008007030                _malloc_usable_size_r
 *(.glue_7)
 .glue_7        0x0000000008007040        0x0 linker stubs
 *(.glue_7t)
 .glue_7t       0x0000000008007040        0x0 linker stubs
 *(.eh_frame)
 .eh_frame      0x0000000008007040        0x0 /opt/st/stm32cubeide_1.8.0/plugins/com.st.stm32cube.ide.mcu.externaltools.gnu-tools-for-stm32.9-2020-q2-update.linux64_2.0.0.202105311346/tools/bin/../lib/gcc/arm-none-eabi/9.3.1/thumb/v7e-m+fp/hard/crtbegin.o
 *(.init)
 .init          0x0000000008007040        0x4 /opt/st/stm32cubeide_1.8.0/plugins/com.st.stm32cube.ide.mcu.externaltools.gnu-tools-for-stm32.9-2020-q2-update.linux64_2.0.0.202105311346/tools/bin/../lib/gcc/arm-none-eabi/9.3.1/thumb/v7e-m+fp/hard/crti.o
                0x0000000008007040                _init
 .init          0x0000000008007044        0x8 /opt/st/stm32cubeide_1.8.0/plugins/com.st.stm32cube.ide.mcu.externaltools.gnu-tools-for-stm32.9-2020-q2-update.linux64_2.0.0.202105311346/tools/bin/../lib/gcc/arm-none-eabi/9.3.1/thumb/v7e-m+fp/hard/crtn.o
 *(.fini)
 .fini          0x000000000800704c        0x4 /opt/st/stm32cubeide_1.8.0/plugins/com.st.stm32cube.ide.mcu.externaltools.gnu-tools-for-stm32.9-2020-q2-update.linux64_2.0.0.202105311346/tools/bin/../lib/gcc/arm-none-eabi/9.3.1/thumb/v7e-m+fp/hard/crti.o
                0x000000000800704c                _fini
 .fini          0x0000000008007050        0x8 /opt/st/stm32cubeide_1.8.0/plugins/com.st.stm32cube.ide.mcu.externaltools.gnu-tools-for-stm32.9-2020-q2-update.linux64_2.0.0.202105311346/tools/bin/../lib/gcc/arm-none-eabi/9.3.1/thumb/v7e-m+fp/hard/crtn.o
                0x0000000008007058                . = ALIGN (0x4)
                0x0000000008007058                _etext = .

.vfp11_veneer   0x0000000008007058        0x0
 .vfp11_veneer  0x0000000008007058        0x0 linker stubs

.v4_bx          0x0000000008007058        0x0
 .v4_bx         0x0000000008007058        0x0 linker stubs

.iplt           0x0000000008007058        0x0
 .iplt          0x0000000008007058        0x0 /opt/st/stm32cubeide_1.8.0/plugins/com.st.stm32cube.ide.mcu.externaltools.gnu-tools-for-stm32.9-2020-q2-update.linux64_2.0.0.202105311346/tools/bin/../lib/gcc/arm-none-eabi/9.3.1/thumb/v7e-m+fp/hard/crtbegin.o

.rodata         0x0000000008007058      0xd20
                0x0000000008007058                . = ALIGN (0x4)
 *(.rodata)
 .rodata        0x0000000008007058       0x43 ./Core/Src/game_engine.o
 *(.rodata*)
 *fill*         0x000000000800709b        0x1 
 .rodata.ASTEROID_24x24
                0x000000000800709c       0x48 ./Core/Src/game-objects-src/asteroid.o
                0x000000000800709c                ASTEROID_24x24
 .rodata.EARTH_SCALE_To_FIT
                0x00000000080070e4      0x400 ./Core/Src/game-objects-src/earth.o
                0x00000000080070e4                EARTH_SCALE_To_FIT
 .rodata.ROCKET_12x12
                0x00000000080074e4       0x18 ./Core/Src/game-objects-src/spaceship.o
                0x00000000080074e4                ROCKET_12x12
 .rodata.SPACESHIP_24x24_NORTH
                0x00000000080074fc       0x48 ./Core/Src/game-objects-src/spaceship.o
                0x00000000080074fc                SPACESHIP_24x24_NORTH
 .rodata.SPACESHIP_24x24_EAST
                0x0000000008007544       0x48 ./Core/Src/game-objects-src/spaceship.o
                0x0000000008007544                SPACESHIP_24x24_EAST
 .rodata.SPACESHIP_24x24_SOUTH
                0x000000000800758c       0x48 ./Core/Src/game-objects-src/spaceship.o
                0x000000000800758c                SPACESHIP_24x24_SOUTH
 .rodata.SPACESHIP_24x24_WEST
                0x00000000080075d4       0x48 ./Core/Src/game-objects-src/spaceship.o
                0x00000000080075d4                SPACESHIP_24x24_WEST
 .rodata.SPACESHIP_24x24_NORTH_EAST
                0x000000000800761c       0x48 ./Core/Src/game-objects-src/spaceship.o
                0x000000000800761c                SPACESHIP_24x24_NORTH_EAST
 .rodata.SPACESHIP_24x24_NORTH_WEST
                0x0000000008007664       0x48 ./Core/Src/game-objects-src/spaceship.o
                0x0000000008007664                SPACESHIP_24x24_NORTH_WEST
 .rodata.SPACESHIP_24x24_SOUTH_WEST
                0x00000000080076ac       0x48 ./Core/Src/game-objects-src/spaceship.o
                0x00000000080076ac                SPACESHIP_24x24_SOUTH_WEST
 .rodata.SPACESHIP_24x24_SOUTH_EAST
                0x00000000080076f4       0x48 ./Core/Src/game-objects-src/spaceship.o
                0x00000000080076f4                SPACESHIP_24x24_SOUTH_EAST
 .rodata.Font6x8
                0x000000000800773c      0x5f0 ./Core/Src/ssd1306_fonts.o
 .rodata.AHBPrescTable
                0x0000000008007d2c       0x10 ./Core/Src/system_stm32f4xx.o
                0x0000000008007d2c                AHBPrescTable
 .rodata.flagBitshiftOffset.8815
                0x0000000008007d3c        0x8 ./Drivers/STM32F4xx_HAL_Driver/Src/stm32f4xx_hal_dma.o
 .rodata._svfprintf_r.str1.1
                0x0000000008007d44       0x11 /opt/st/stm32cubeide_1.8.0/plugins/com.st.stm32cube.ide.mcu.externaltools.gnu-tools-for-stm32.9-2020-q2-update.linux64_2.0.0.202105311346/tools/bin/../lib/gcc/arm-none-eabi/9.3.1/../../../../arm-none-eabi/lib/thumb/v7e-m+fp/hard/libc_nano.a(lib_a-nano-svfprintf.o)
 .rodata._printf_i.str1.1
                0x0000000008007d55       0x22 /opt/st/stm32cubeide_1.8.0/plugins/com.st.stm32cube.ide.mcu.externaltools.gnu-tools-for-stm32.9-2020-q2-update.linux64_2.0.0.202105311346/tools/bin/../lib/gcc/arm-none-eabi/9.3.1/../../../../arm-none-eabi/lib/thumb/v7e-m+fp/hard/libc_nano.a(lib_a-nano-vfprintf_i.o)
                0x0000000008007d78                . = ALIGN (0x4)
 *fill*         0x0000000008007d77        0x1 

.ARM.extab      0x0000000008007d78        0x0
                0x0000000008007d78                . = ALIGN (0x4)
 *(.ARM.extab* .gnu.linkonce.armextab.*)
                0x0000000008007d78                . = ALIGN (0x4)

.ARM            0x0000000008007d78        0x8
                0x0000000008007d78                . = ALIGN (0x4)
                0x0000000008007d78                __exidx_start = .
 *(.ARM.exidx*)
 .ARM.exidx     0x0000000008007d78        0x8 /opt/st/stm32cubeide_1.8.0/plugins/com.st.stm32cube.ide.mcu.externaltools.gnu-tools-for-stm32.9-2020-q2-update.linux64_2.0.0.202105311346/tools/bin/../lib/gcc/arm-none-eabi/9.3.1/thumb/v7e-m+fp/hard/libgcc.a(_udivmoddi4.o)
                0x0000000008007d80                __exidx_end = .
                0x0000000008007d80                . = ALIGN (0x4)

.rel.dyn        0x0000000008007d80        0x0
 .rel.iplt      0x0000000008007d80        0x0 /opt/st/stm32cubeide_1.8.0/plugins/com.st.stm32cube.ide.mcu.externaltools.gnu-tools-for-stm32.9-2020-q2-update.linux64_2.0.0.202105311346/tools/bin/../lib/gcc/arm-none-eabi/9.3.1/thumb/v7e-m+fp/hard/crtbegin.o

.preinit_array  0x0000000008007d80        0x0
                0x0000000008007d80                . = ALIGN (0x4)
                0x0000000008007d80                PROVIDE (__preinit_array_start = .)
 *(.preinit_array*)
                0x0000000008007d80                PROVIDE (__preinit_array_end = .)
                0x0000000008007d80                . = ALIGN (0x4)

.init_array     0x0000000008007d80        0x4
                0x0000000008007d80                . = ALIGN (0x4)
                0x0000000008007d80                PROVIDE (__init_array_start = .)
 *(SORT_BY_NAME(.init_array.*))
 *(.init_array*)
 .init_array    0x0000000008007d80        0x4 /opt/st/stm32cubeide_1.8.0/plugins/com.st.stm32cube.ide.mcu.externaltools.gnu-tools-for-stm32.9-2020-q2-update.linux64_2.0.0.202105311346/tools/bin/../lib/gcc/arm-none-eabi/9.3.1/thumb/v7e-m+fp/hard/crtbegin.o
                0x0000000008007d84                PROVIDE (__init_array_end = .)
                0x0000000008007d84                . = ALIGN (0x4)

.fini_array     0x0000000008007d84        0x4
                0x0000000008007d84                . = ALIGN (0x4)
                [!provide]                        PROVIDE (__fini_array_start = .)
 *(SORT_BY_NAME(.fini_array.*))
 *(.fini_array*)
 .fini_array    0x0000000008007d84        0x4 /opt/st/stm32cubeide_1.8.0/plugins/com.st.stm32cube.ide.mcu.externaltools.gnu-tools-for-stm32.9-2020-q2-update.linux64_2.0.0.202105311346/tools/bin/../lib/gcc/arm-none-eabi/9.3.1/thumb/v7e-m+fp/hard/crtbegin.o
                [!provide]                        PROVIDE (__fini_array_end = .)
                0x0000000008007d88                . = ALIGN (0x4)
                0x0000000008007d88                _sidata = LOADADDR (.data)

.data           0x0000000020000000       0x84 load address 0x0000000008007d88
                0x0000000020000000                . = ALIGN (0x4)
                0x0000000020000000                _sdata = .
 *(.data)
 *(.data*)
 .data.shootButtonFirstTimeFlag
                0x0000000020000000        0x1 ./Core/Src/game_engine.o
                0x0000000020000000                shootButtonFirstTimeFlag
 .data.currentWave
                0x0000000020000001        0x1 ./Core/Src/game_engine.o
                0x0000000020000001                currentWave
 *fill*         0x0000000020000002        0x2 
 .data.numOfAsteroidInWave
                0x0000000020000004        0x5 ./Core/Src/game_engine.o
                0x0000000020000004                numOfAsteroidInWave
 *fill*         0x0000000020000009        0x3 
 .data.Font_6x8
                0x000000002000000c        0x8 ./Core/Src/ssd1306_fonts.o
                0x000000002000000c                Font_6x8
 .data.SystemCoreClock
                0x0000000020000014        0x4 ./Core/Src/system_stm32f4xx.o
                0x0000000020000014                SystemCoreClock
 .data.uwTickPrio
                0x0000000020000018        0x4 ./Drivers/STM32F4xx_HAL_Driver/Src/stm32f4xx_hal.o
                0x0000000020000018                uwTickPrio
 .data.uwTickFreq
                0x000000002000001c        0x1 ./Drivers/STM32F4xx_HAL_Driver/Src/stm32f4xx_hal.o
                0x000000002000001c                uwTickFreq
 *fill*         0x000000002000001d        0x3 
 .data._impure_ptr
                0x0000000020000020        0x4 /opt/st/stm32cubeide_1.8.0/plugins/com.st.stm32cube.ide.mcu.externaltools.gnu-tools-for-stm32.9-2020-q2-update.linux64_2.0.0.202105311346/tools/bin/../lib/gcc/arm-none-eabi/9.3.1/../../../../arm-none-eabi/lib/thumb/v7e-m+fp/hard/libc_nano.a(lib_a-impure.o)
                0x0000000020000020                _impure_ptr
 .data.impure_data
                0x0000000020000024       0x60 /opt/st/stm32cubeide_1.8.0/plugins/com.st.stm32cube.ide.mcu.externaltools.gnu-tools-for-stm32.9-2020-q2-update.linux64_2.0.0.202105311346/tools/bin/../lib/gcc/arm-none-eabi/9.3.1/../../../../arm-none-eabi/lib/thumb/v7e-m+fp/hard/libc_nano.a(lib_a-impure.o)
 *(.RamFunc)
 *(.RamFunc*)
                0x0000000020000084                . = ALIGN (0x4)
                0x0000000020000084                _edata = .

.igot.plt       0x0000000020000084        0x0 load address 0x0000000008007e0c
 .igot.plt      0x0000000020000084        0x0 /opt/st/stm32cubeide_1.8.0/plugins/com.st.stm32cube.ide.mcu.externaltools.gnu-tools-for-stm32.9-2020-q2-update.linux64_2.0.0.202105311346/tools/bin/../lib/gcc/arm-none-eabi/9.3.1/thumb/v7e-m+fp/hard/crtbegin.o
                0x0000000020000084                . = ALIGN (0x4)

.bss            0x0000000020000088      0x9c4 load address 0x0000000008007e0c
                0x0000000020000088                _sbss = .
                0x0000000020000088                __bss_start__ = _sbss
 *(.bss)
 .bss           0x0000000020000088       0x1c /opt/st/stm32cubeide_1.8.0/plugins/com.st.stm32cube.ide.mcu.externaltools.gnu-tools-for-stm32.9-2020-q2-update.linux64_2.0.0.202105311346/tools/bin/../lib/gcc/arm-none-eabi/9.3.1/thumb/v7e-m+fp/hard/crtbegin.o
 *(.bss*)
 .bss.frameUpdate
                0x00000000200000a4        0x1 ./Core/Src/game_engine.o
                0x00000000200000a4                frameUpdate
 *fill*         0x00000000200000a5        0x1 
 .bss.currentScore
                0x00000000200000a6        0x2 ./Core/Src/game_engine.o
                0x00000000200000a6                currentScore
 .bss.prevScore
                0x00000000200000a8        0x2 ./Core/Src/game_engine.o
                0x00000000200000a8                prevScore
 *fill*         0x00000000200000aa        0x2 
 .bss.SSD1306_Buffer
                0x00000000200000ac      0x400 ./Core/Src/ssd1306.o
 .bss.SSD1306   0x00000000200004ac        0x6 ./Core/Src/ssd1306.o
 *fill*         0x00000000200004b2        0x2 
 .bss.__sbrk_heap_end
                0x00000000200004b4        0x4 ./Core/Src/sysmem.o
 .bss.flagRNG   0x00000000200004b8        0x1 ./Core/Src/peripheral-drivers-src/drivers.o
 *fill*         0x00000000200004b9        0x3 
 .bss.__malloc_free_list
                0x00000000200004bc        0x4 /opt/st/stm32cubeide_1.8.0/plugins/com.st.stm32cube.ide.mcu.externaltools.gnu-tools-for-stm32.9-2020-q2-update.linux64_2.0.0.202105311346/tools/bin/../lib/gcc/arm-none-eabi/9.3.1/../../../../arm-none-eabi/lib/thumb/v7e-m+fp/hard/libc_nano.a(lib_a-nano-mallocr.o)
                0x00000000200004bc                __malloc_free_list
 .bss.__malloc_sbrk_start
                0x00000000200004c0        0x4 /opt/st/stm32cubeide_1.8.0/plugins/com.st.stm32cube.ide.mcu.externaltools.gnu-tools-for-stm32.9-2020-q2-update.linux64_2.0.0.202105311346/tools/bin/../lib/gcc/arm-none-eabi/9.3.1/../../../../arm-none-eabi/lib/thumb/v7e-m+fp/hard/libc_nano.a(lib_a-nano-mallocr.o)
                0x00000000200004c0                __malloc_sbrk_start
 *(COMMON)
 *fill*         0x00000000200004c4        0x4 
 COMMON         0x00000000200004c8      0x560 ./Core/Src/game_engine.o
                0x00000000200004c8                playerSpaceShip
                0x00000000200004f8                htim4
                0x0000000020000540                displayScore
                0x0000000020000550                rocketVector
                0x000000002000055c                hadc1
                0x00000000200005a8                asteroid
                0x0000000020000878                hdma_adc1
                0x00000000200008d8                asteroidVector
                0x00000000200008e4                hrng
                0x00000000200008f4                hspi1
                0x000000002000094c                htim2
                0x0000000020000998                rocket
 COMMON         0x0000000020000a28       0x10 ./Core/Src/joystick.o
                0x0000000020000a28                vr_x
                0x0000000020000a2c                vr_y
                0x0000000020000a30                adc_buf
 COMMON         0x0000000020000a38        0x4 ./Drivers/STM32F4xx_HAL_Driver/Src/stm32f4xx_hal.o
                0x0000000020000a38                uwTick
 COMMON         0x0000000020000a3c        0x4 /opt/st/stm32cubeide_1.8.0/plugins/com.st.stm32cube.ide.mcu.externaltools.gnu-tools-for-stm32.9-2020-q2-update.linux64_2.0.0.202105311346/tools/bin/../lib/gcc/arm-none-eabi/9.3.1/../../../../arm-none-eabi/lib/thumb/v7e-m+fp/hard/libc_nano.a(lib_a-reent.o)
                0x0000000020000a3c                errno
 COMMON         0x0000000020000a40        0x9 /opt/st/stm32cubeide_1.8.0/plugins/com.st.stm32cube.ide.mcu.externaltools.gnu-tools-for-stm32.9-2020-q2-update.linux64_2.0.0.202105311346/tools/bin/../lib/gcc/arm-none-eabi/9.3.1/../../../../arm-none-eabi/lib/thumb/v7e-m+fp/hard/libc_nano.a(lib_a-lock.o)
                0x0000000020000a40                __lock___atexit_recursive_mutex
                0x0000000020000a41                __lock___arc4random_mutex
                0x0000000020000a42                __lock___env_recursive_mutex
                0x0000000020000a43                __lock___sinit_recursive_mutex
                0x0000000020000a44                __lock___malloc_recursive_mutex
                0x0000000020000a45                __lock___at_quick_exit_mutex
                0x0000000020000a46                __lock___dd_hash_mutex
                0x0000000020000a47                __lock___tz_mutex
                0x0000000020000a48                __lock___sfp_recursive_mutex
                0x0000000020000a4c                . = ALIGN (0x4)
 *fill*         0x0000000020000a49        0x3 
                0x0000000020000a4c                _ebss = .
                0x0000000020000a4c                __bss_end__ = _ebss

._user_heap_stack
                0x0000000020000a4c      0x604 load address 0x0000000008007e0c
                0x0000000020000a50                . = ALIGN (0x8)
 *fill*         0x0000000020000a4c        0x4 
                [!provide]                        PROVIDE (end = .)
                0x0000000020000a50                PROVIDE (_end = .)
                0x0000000020000c50                . = (. + _Min_Heap_Size)
 *fill*         0x0000000020000a50      0x200 
                0x0000000020001050                . = (. + _Min_Stack_Size)
 *fill*         0x0000000020000c50      0x400 
                0x0000000020001050                . = ALIGN (0x8)

/DISCARD/
 libc.a(*)
 libm.a(*)
 libgcc.a(*)

.ARM.attributes
                0x0000000000000000       0x30
 *(.ARM.attributes)
 .ARM.attributes
                0x0000000000000000       0x1e /opt/st/stm32cubeide_1.8.0/plugins/com.st.stm32cube.ide.mcu.externaltools.gnu-tools-for-stm32.9-2020-q2-update.linux64_2.0.0.202105311346/tools/bin/../lib/gcc/arm-none-eabi/9.3.1/thumb/v7e-m+fp/hard/crti.o
 .ARM.attributes
                0x000000000000001e       0x34 /opt/st/stm32cubeide_1.8.0/plugins/com.st.stm32cube.ide.mcu.externaltools.gnu-tools-for-stm32.9-2020-q2-update.linux64_2.0.0.202105311346/tools/bin/../lib/gcc/arm-none-eabi/9.3.1/thumb/v7e-m+fp/hard/crtbegin.o
 .ARM.attributes
                0x0000000000000052       0x39 ./Core/Src/game-objects-src/asteroid.o
 .ARM.attributes
                0x000000000000008b       0x39 ./Core/Src/game-objects-src/earth.o
 .ARM.attributes
                0x00000000000000c4       0x39 ./Core/Src/game-objects-src/spaceship.o
 .ARM.attributes
                0x00000000000000fd       0x34 ./Core/Src/game_engine.o
 .ARM.attributes
                0x0000000000000131       0x34 ./Core/Src/joystick.o
 .ARM.attributes
                0x0000000000000165       0x34 ./Core/Src/main.o
 .ARM.attributes
                0x0000000000000199       0x34 ./Core/Src/oled.o
 .ARM.attributes
                0x00000000000001cd       0x34 ./Core/Src/ssd1306.o
 .ARM.attributes
                0x0000000000000201       0x39 ./Core/Src/ssd1306_fonts.o
 .ARM.attributes
                0x000000000000023a       0x34 ./Core/Src/stm32f4xx_hal_msp.o
 .ARM.attributes
                0x000000000000026e       0x34 ./Core/Src/stm32f4xx_it.o
 .ARM.attributes
                0x00000000000002a2       0x34 ./Core/Src/sysmem.o
 .ARM.attributes
                0x00000000000002d6       0x34 ./Core/Src/system_stm32f4xx.o
 .ARM.attributes
                0x000000000000030a       0x34 ./Core/Src/vector.o
 .ARM.attributes
                0x000000000000033e       0x34 ./Core/Src/peripheral-drivers-src/drivers.o
 .ARM.attributes
                0x0000000000000372       0x21 ./Core/Startup/startup_stm32f413zhtx.o
 .ARM.attributes
                0x0000000000000393       0x34 ./Drivers/STM32F4xx_HAL_Driver/Src/stm32f4xx_hal.o
 .ARM.attributes
                0x00000000000003c7       0x34 ./Drivers/STM32F4xx_HAL_Driver/Src/stm32f4xx_hal_adc.o
 .ARM.attributes
                0x00000000000003fb       0x34 ./Drivers/STM32F4xx_HAL_Driver/Src/stm32f4xx_hal_cortex.o
 .ARM.attributes
                0x000000000000042f       0x34 ./Drivers/STM32F4xx_HAL_Driver/Src/stm32f4xx_hal_dma.o
 .ARM.attributes
                0x0000000000000463       0x34 ./Drivers/STM32F4xx_HAL_Driver/Src/stm32f4xx_hal_gpio.o
 .ARM.attributes
                0x0000000000000497       0x34 ./Drivers/STM32F4xx_HAL_Driver/Src/stm32f4xx_hal_rcc.o
 .ARM.attributes
                0x00000000000004cb       0x34 ./Drivers/STM32F4xx_HAL_Driver/Src/stm32f4xx_hal_rcc_ex.o
 .ARM.attributes
                0x00000000000004ff       0x34 ./Drivers/STM32F4xx_HAL_Driver/Src/stm32f4xx_hal_rng.o
 .ARM.attributes
                0x0000000000000533       0x34 ./Drivers/STM32F4xx_HAL_Driver/Src/stm32f4xx_hal_spi.o
 .ARM.attributes
                0x0000000000000567       0x34 ./Drivers/STM32F4xx_HAL_Driver/Src/stm32f4xx_hal_tim.o
 .ARM.attributes
                0x000000000000059b       0x34 ./Drivers/STM32F4xx_HAL_Driver/Src/stm32f4xx_hal_tim_ex.o
 .ARM.attributes
                0x00000000000005cf       0x34 /opt/st/stm32cubeide_1.8.0/plugins/com.st.stm32cube.ide.mcu.externaltools.gnu-tools-for-stm32.9-2020-q2-update.linux64_2.0.0.202105311346/tools/bin/../lib/gcc/arm-none-eabi/9.3.1/../../../../arm-none-eabi/lib/thumb/v7e-m+fp/hard/libc_nano.a(lib_a-errno.o)
 .ARM.attributes
                0x0000000000000603       0x32 /opt/st/stm32cubeide_1.8.0/plugins/com.st.stm32cube.ide.mcu.externaltools.gnu-tools-for-stm32.9-2020-q2-update.linux64_2.0.0.202105311346/tools/bin/../lib/gcc/arm-none-eabi/9.3.1/../../../../arm-none-eabi/lib/thumb/v7e-m+fp/hard/libc_nano.a(lib_a-impure.o)
 .ARM.attributes
                0x0000000000000635       0x34 /opt/st/stm32cubeide_1.8.0/plugins/com.st.stm32cube.ide.mcu.externaltools.gnu-tools-for-stm32.9-2020-q2-update.linux64_2.0.0.202105311346/tools/bin/../lib/gcc/arm-none-eabi/9.3.1/../../../../arm-none-eabi/lib/thumb/v7e-m+fp/hard/libc_nano.a(lib_a-init.o)
 .ARM.attributes
                0x0000000000000669       0x34 /opt/st/stm32cubeide_1.8.0/plugins/com.st.stm32cube.ide.mcu.externaltools.gnu-tools-for-stm32.9-2020-q2-update.linux64_2.0.0.202105311346/tools/bin/../lib/gcc/arm-none-eabi/9.3.1/../../../../arm-none-eabi/lib/thumb/v7e-m+fp/hard/libc_nano.a(lib_a-malloc.o)
 .ARM.attributes
                0x000000000000069d       0x34 /opt/st/stm32cubeide_1.8.0/plugins/com.st.stm32cube.ide.mcu.externaltools.gnu-tools-for-stm32.9-2020-q2-update.linux64_2.0.0.202105311346/tools/bin/../lib/gcc/arm-none-eabi/9.3.1/../../../../arm-none-eabi/lib/thumb/v7e-m+fp/hard/libc_nano.a(lib_a-memcpy-stub.o)
 .ARM.attributes
                0x00000000000006d1       0x34 /opt/st/stm32cubeide_1.8.0/plugins/com.st.stm32cube.ide.mcu.externaltools.gnu-tools-for-stm32.9-2020-q2-update.linux64_2.0.0.202105311346/tools/bin/../lib/gcc/arm-none-eabi/9.3.1/../../../../arm-none-eabi/lib/thumb/v7e-m+fp/hard/libc_nano.a(lib_a-memset.o)
 .ARM.attributes
                0x0000000000000705       0x34 /opt/st/stm32cubeide_1.8.0/plugins/com.st.stm32cube.ide.mcu.externaltools.gnu-tools-for-stm32.9-2020-q2-update.linux64_2.0.0.202105311346/tools/bin/../lib/gcc/arm-none-eabi/9.3.1/../../../../arm-none-eabi/lib/thumb/v7e-m+fp/hard/libc_nano.a(lib_a-nano-freer.o)
 .ARM.attributes
                0x0000000000000739       0x34 /opt/st/stm32cubeide_1.8.0/plugins/com.st.stm32cube.ide.mcu.externaltools.gnu-tools-for-stm32.9-2020-q2-update.linux64_2.0.0.202105311346/tools/bin/../lib/gcc/arm-none-eabi/9.3.1/../../../../arm-none-eabi/lib/thumb/v7e-m+fp/hard/libc_nano.a(lib_a-nano-mallocr.o)
 .ARM.attributes
                0x000000000000076d       0x34 /opt/st/stm32cubeide_1.8.0/plugins/com.st.stm32cube.ide.mcu.externaltools.gnu-tools-for-stm32.9-2020-q2-update.linux64_2.0.0.202105311346/tools/bin/../lib/gcc/arm-none-eabi/9.3.1/../../../../arm-none-eabi/lib/thumb/v7e-m+fp/hard/libc_nano.a(lib_a-realloc.o)
 .ARM.attributes
                0x00000000000007a1       0x34 /opt/st/stm32cubeide_1.8.0/plugins/com.st.stm32cube.ide.mcu.externaltools.gnu-tools-for-stm32.9-2020-q2-update.linux64_2.0.0.202105311346/tools/bin/../lib/gcc/arm-none-eabi/9.3.1/../../../../arm-none-eabi/lib/thumb/v7e-m+fp/hard/libc_nano.a(lib_a-sbrkr.o)
 .ARM.attributes
                0x00000000000007d5       0x34 /opt/st/stm32cubeide_1.8.0/plugins/com.st.stm32cube.ide.mcu.externaltools.gnu-tools-for-stm32.9-2020-q2-update.linux64_2.0.0.202105311346/tools/bin/../lib/gcc/arm-none-eabi/9.3.1/../../../../arm-none-eabi/lib/thumb/v7e-m+fp/hard/libc_nano.a(lib_a-sprintf.o)
 .ARM.attributes
                0x0000000000000809       0x34 /opt/st/stm32cubeide_1.8.0/plugins/com.st.stm32cube.ide.mcu.externaltools.gnu-tools-for-stm32.9-2020-q2-update.linux64_2.0.0.202105311346/tools/bin/../lib/gcc/arm-none-eabi/9.3.1/../../../../arm-none-eabi/lib/thumb/v7e-m+fp/hard/libc_nano.a(lib_a-mlock.o)
 .ARM.attributes
                0x000000000000083d       0x34 /opt/st/stm32cubeide_1.8.0/plugins/com.st.stm32cube.ide.mcu.externaltools.gnu-tools-for-stm32.9-2020-q2-update.linux64_2.0.0.202105311346/tools/bin/../lib/gcc/arm-none-eabi/9.3.1/../../../../arm-none-eabi/lib/thumb/v7e-m+fp/hard/libc_nano.a(lib_a-nano-reallocr.o)
 .ARM.attributes
                0x0000000000000871       0x34 /opt/st/stm32cubeide_1.8.0/plugins/com.st.stm32cube.ide.mcu.externaltools.gnu-tools-for-stm32.9-2020-q2-update.linux64_2.0.0.202105311346/tools/bin/../lib/gcc/arm-none-eabi/9.3.1/../../../../arm-none-eabi/lib/thumb/v7e-m+fp/hard/libc_nano.a(lib_a-nano-svfprintf.o)
 .ARM.attributes
                0x00000000000008a5       0x34 /opt/st/stm32cubeide_1.8.0/plugins/com.st.stm32cube.ide.mcu.externaltools.gnu-tools-for-stm32.9-2020-q2-update.linux64_2.0.0.202105311346/tools/bin/../lib/gcc/arm-none-eabi/9.3.1/../../../../arm-none-eabi/lib/thumb/v7e-m+fp/hard/libc_nano.a(lib_a-nano-vfprintf_i.o)
 .ARM.attributes
                0x00000000000008d9       0x34 /opt/st/stm32cubeide_1.8.0/plugins/com.st.stm32cube.ide.mcu.externaltools.gnu-tools-for-stm32.9-2020-q2-update.linux64_2.0.0.202105311346/tools/bin/../lib/gcc/arm-none-eabi/9.3.1/../../../../arm-none-eabi/lib/thumb/v7e-m+fp/hard/libc_nano.a(lib_a-reent.o)
 .ARM.attributes
                0x000000000000090d       0x34 /opt/st/stm32cubeide_1.8.0/plugins/com.st.stm32cube.ide.mcu.externaltools.gnu-tools-for-stm32.9-2020-q2-update.linux64_2.0.0.202105311346/tools/bin/../lib/gcc/arm-none-eabi/9.3.1/../../../../arm-none-eabi/lib/thumb/v7e-m+fp/hard/libc_nano.a(lib_a-lock.o)
 .ARM.attributes
                0x0000000000000941       0x1c /opt/st/stm32cubeide_1.8.0/plugins/com.st.stm32cube.ide.mcu.externaltools.gnu-tools-for-stm32.9-2020-q2-update.linux64_2.0.0.202105311346/tools/bin/../lib/gcc/arm-none-eabi/9.3.1/../../../../arm-none-eabi/lib/thumb/v7e-m+fp/hard/libc_nano.a(lib_a-memchr.o)
 .ARM.attributes
                0x000000000000095d       0x34 /opt/st/stm32cubeide_1.8.0/plugins/com.st.stm32cube.ide.mcu.externaltools.gnu-tools-for-stm32.9-2020-q2-update.linux64_2.0.0.202105311346/tools/bin/../lib/gcc/arm-none-eabi/9.3.1/../../../../arm-none-eabi/lib/thumb/v7e-m+fp/hard/libc_nano.a(lib_a-memmove.o)
 .ARM.attributes
                0x0000000000000991       0x34 /opt/st/stm32cubeide_1.8.0/plugins/com.st.stm32cube.ide.mcu.externaltools.gnu-tools-for-stm32.9-2020-q2-update.linux64_2.0.0.202105311346/tools/bin/../lib/gcc/arm-none-eabi/9.3.1/../../../../arm-none-eabi/lib/thumb/v7e-m+fp/hard/libc_nano.a(lib_a-nano-msizer.o)
 .ARM.attributes
                0x00000000000009c5       0x1e /opt/st/stm32cubeide_1.8.0/plugins/com.st.stm32cube.ide.mcu.externaltools.gnu-tools-for-stm32.9-2020-q2-update.linux64_2.0.0.202105311346/tools/bin/../lib/gcc/arm-none-eabi/9.3.1/thumb/v7e-m+fp/hard/libgcc.a(_arm_addsubdf3.o)
 .ARM.attributes
                0x00000000000009e3       0x1e /opt/st/stm32cubeide_1.8.0/plugins/com.st.stm32cube.ide.mcu.externaltools.gnu-tools-for-stm32.9-2020-q2-update.linux64_2.0.0.202105311346/tools/bin/../lib/gcc/arm-none-eabi/9.3.1/thumb/v7e-m+fp/hard/libgcc.a(_arm_cmpdf2.o)
 .ARM.attributes
                0x0000000000000a01       0x1e /opt/st/stm32cubeide_1.8.0/plugins/com.st.stm32cube.ide.mcu.externaltools.gnu-tools-for-stm32.9-2020-q2-update.linux64_2.0.0.202105311346/tools/bin/../lib/gcc/arm-none-eabi/9.3.1/thumb/v7e-m+fp/hard/libgcc.a(_arm_fixdfsi.o)
 .ARM.attributes
                0x0000000000000a1f       0x1e /opt/st/stm32cubeide_1.8.0/plugins/com.st.stm32cube.ide.mcu.externaltools.gnu-tools-for-stm32.9-2020-q2-update.linux64_2.0.0.202105311346/tools/bin/../lib/gcc/arm-none-eabi/9.3.1/thumb/v7e-m+fp/hard/libgcc.a(_aeabi_uldivmod.o)
 .ARM.attributes
                0x0000000000000a3d       0x34 /opt/st/stm32cubeide_1.8.0/plugins/com.st.stm32cube.ide.mcu.externaltools.gnu-tools-for-stm32.9-2020-q2-update.linux64_2.0.0.202105311346/tools/bin/../lib/gcc/arm-none-eabi/9.3.1/thumb/v7e-m+fp/hard/libgcc.a(_udivmoddi4.o)
 .ARM.attributes
                0x0000000000000a71       0x1e /opt/st/stm32cubeide_1.8.0/plugins/com.st.stm32cube.ide.mcu.externaltools.gnu-tools-for-stm32.9-2020-q2-update.linux64_2.0.0.202105311346/tools/bin/../lib/gcc/arm-none-eabi/9.3.1/thumb/v7e-m+fp/hard/libgcc.a(_dvmd_tls.o)
 .ARM.attributes
                0x0000000000000a8f       0x1e /opt/st/stm32cubeide_1.8.0/plugins/com.st.stm32cube.ide.mcu.externaltools.gnu-tools-for-stm32.9-2020-q2-update.linux64_2.0.0.202105311346/tools/bin/../lib/gcc/arm-none-eabi/9.3.1/thumb/v7e-m+fp/hard/crtn.o
OUTPUT(Space_Game_Test.elf elf32-littlearm)
LOAD linker stubs
LOAD /opt/st/stm32cubeide_1.8.0/plugins/com.st.stm32cube.ide.mcu.externaltools.gnu-tools-for-stm32.9-2020-q2-update.linux64_2.0.0.202105311346/tools/bin/../lib/gcc/arm-none-eabi/9.3.1/../../../../arm-none-eabi/lib/thumb/v7e-m+fp/hard/libc.a
LOAD /opt/st/stm32cubeide_1.8.0/plugins/com.st.stm32cube.ide.mcu.externaltools.gnu-tools-for-stm32.9-2020-q2-update.linux64_2.0.0.202105311346/tools/bin/../lib/gcc/arm-none-eabi/9.3.1/../../../../arm-none-eabi/lib/thumb/v7e-m+fp/hard/libm.a
LOAD /opt/st/stm32cubeide_1.8.0/plugins/com.st.stm32cube.ide.mcu.externaltools.gnu-tools-for-stm32.9-2020-q2-update.linux64_2.0.0.202105311346/tools/bin/../lib/gcc/arm-none-eabi/9.3.1/thumb/v7e-m+fp/hard/libgcc.a

.debug_info     0x0000000000000000    0x19d42
 .debug_info    0x0000000000000000       0xe0 ./Core/Src/game-objects-src/asteroid.o
 .debug_info    0x00000000000000e0       0x5f ./Core/Src/game-objects-src/earth.o
 .debug_info    0x000000000000013f      0x189 ./Core/Src/game-objects-src/spaceship.o
 .debug_info    0x00000000000002c8     0x234e ./Core/Src/game_engine.o
 .debug_info    0x0000000000002616      0xe2d ./Core/Src/joystick.o
 .debug_info    0x0000000000003443     0x1b65 ./Core/Src/main.o
 .debug_info    0x0000000000004fa8     0x10c8 ./Core/Src/oled.o
 .debug_info    0x0000000000006070     0x1d5e ./Core/Src/ssd1306.o
 .debug_info    0x0000000000007dce      0x16c ./Core/Src/ssd1306_fonts.o
 .debug_info    0x0000000000007f3a     0x220c ./Core/Src/stm32f4xx_hal_msp.o
 .debug_info    0x000000000000a146     0x1970 ./Core/Src/stm32f4xx_it.o
 .debug_info    0x000000000000bab6      0xa25 ./Core/Src/sysmem.o
 .debug_info    0x000000000000c4db      0x5dc ./Core/Src/system_stm32f4xx.o
 .debug_info    0x000000000000cab7      0xb16 ./Core/Src/vector.o
 .debug_info    0x000000000000d5cd     0x18e8 ./Core/Src/peripheral-drivers-src/drivers.o
 .debug_info    0x000000000000eeb5       0x22 ./Core/Startup/startup_stm32f413zhtx.o
 .debug_info    0x000000000000eed7      0xa38 ./Drivers/STM32F4xx_HAL_Driver/Src/stm32f4xx_hal.o
 .debug_info    0x000000000000f90f      0xdbc ./Drivers/STM32F4xx_HAL_Driver/Src/stm32f4xx_hal_adc.o
 .debug_info    0x00000000000106cb      0xf25 ./Drivers/STM32F4xx_HAL_Driver/Src/stm32f4xx_hal_cortex.o
 .debug_info    0x00000000000115f0      0x9f1 ./Drivers/STM32F4xx_HAL_Driver/Src/stm32f4xx_hal_dma.o
 .debug_info    0x0000000000011fe1      0x8ae ./Drivers/STM32F4xx_HAL_Driver/Src/stm32f4xx_hal_gpio.o
 .debug_info    0x000000000001288f      0x9db ./Drivers/STM32F4xx_HAL_Driver/Src/stm32f4xx_hal_rcc.o
 .debug_info    0x000000000001326a      0x90c ./Drivers/STM32F4xx_HAL_Driver/Src/stm32f4xx_hal_rcc_ex.o
 .debug_info    0x0000000000013b76      0x597 ./Drivers/STM32F4xx_HAL_Driver/Src/stm32f4xx_hal_rng.o
 .debug_info    0x000000000001410d     0x17c0 ./Drivers/STM32F4xx_HAL_Driver/Src/stm32f4xx_hal_spi.o
 .debug_info    0x00000000000158cd     0x2c22 ./Drivers/STM32F4xx_HAL_Driver/Src/stm32f4xx_hal_tim.o
 .debug_info    0x00000000000184ef     0x1853 ./Drivers/STM32F4xx_HAL_Driver/Src/stm32f4xx_hal_tim_ex.o

.debug_abbrev   0x0000000000000000     0x342d
 .debug_abbrev  0x0000000000000000       0x62 ./Core/Src/game-objects-src/asteroid.o
 .debug_abbrev  0x0000000000000062       0x55 ./Core/Src/game-objects-src/earth.o
 .debug_abbrev  0x00000000000000b7       0x53 ./Core/Src/game-objects-src/spaceship.o
 .debug_abbrev  0x000000000000010a      0x367 ./Core/Src/game_engine.o
 .debug_abbrev  0x0000000000000471      0x193 ./Core/Src/joystick.o
 .debug_abbrev  0x0000000000000604      0x23c ./Core/Src/main.o
 .debug_abbrev  0x0000000000000840      0x183 ./Core/Src/oled.o
 .debug_abbrev  0x00000000000009c3      0x396 ./Core/Src/ssd1306.o
 .debug_abbrev  0x0000000000000d59       0xbe ./Core/Src/ssd1306_fonts.o
 .debug_abbrev  0x0000000000000e17      0x29f ./Core/Src/stm32f4xx_hal_msp.o
 .debug_abbrev  0x00000000000010b6      0x229 ./Core/Src/stm32f4xx_it.o
 .debug_abbrev  0x00000000000012df      0x1bf ./Core/Src/sysmem.o
 .debug_abbrev  0x000000000000149e      0x145 ./Core/Src/system_stm32f4xx.o
 .debug_abbrev  0x00000000000015e3      0x251 ./Core/Src/vector.o
 .debug_abbrev  0x0000000000001834      0x2f5 ./Core/Src/peripheral-drivers-src/drivers.o
 .debug_abbrev  0x0000000000001b29       0x12 ./Core/Startup/startup_stm32f413zhtx.o
 .debug_abbrev  0x0000000000001b3b      0x1ed ./Drivers/STM32F4xx_HAL_Driver/Src/stm32f4xx_hal.o
 .debug_abbrev  0x0000000000001d28      0x22f ./Drivers/STM32F4xx_HAL_Driver/Src/stm32f4xx_hal_adc.o
 .debug_abbrev  0x0000000000001f57      0x33c ./Drivers/STM32F4xx_HAL_Driver/Src/stm32f4xx_hal_cortex.o
 .debug_abbrev  0x0000000000002293      0x259 ./Drivers/STM32F4xx_HAL_Driver/Src/stm32f4xx_hal_dma.o
 .debug_abbrev  0x00000000000024ec      0x1f1 ./Drivers/STM32F4xx_HAL_Driver/Src/stm32f4xx_hal_gpio.o
 .debug_abbrev  0x00000000000026dd      0x275 ./Drivers/STM32F4xx_HAL_Driver/Src/stm32f4xx_hal_rcc.o
 .debug_abbrev  0x0000000000002952      0x1c0 ./Drivers/STM32F4xx_HAL_Driver/Src/stm32f4xx_hal_rcc_ex.o
 .debug_abbrev  0x0000000000002b12      0x1e0 ./Drivers/STM32F4xx_HAL_Driver/Src/stm32f4xx_hal_rng.o
 .debug_abbrev  0x0000000000002cf2      0x26e ./Drivers/STM32F4xx_HAL_Driver/Src/stm32f4xx_hal_spi.o
 .debug_abbrev  0x0000000000002f60      0x25e ./Drivers/STM32F4xx_HAL_Driver/Src/stm32f4xx_hal_tim.o
 .debug_abbrev  0x00000000000031be      0x26f ./Drivers/STM32F4xx_HAL_Driver/Src/stm32f4xx_hal_tim_ex.o

.debug_aranges  0x0000000000000000     0x1160
 .debug_aranges
                0x0000000000000000       0x18 ./Core/Src/game-objects-src/asteroid.o
 .debug_aranges
                0x0000000000000018       0x18 ./Core/Src/game-objects-src/earth.o
 .debug_aranges
                0x0000000000000030       0x18 ./Core/Src/game-objects-src/spaceship.o
 .debug_aranges
                0x0000000000000048       0xf8 ./Core/Src/game_engine.o
 .debug_aranges
                0x0000000000000140       0x20 ./Core/Src/joystick.o
 .debug_aranges
                0x0000000000000160       0x28 ./Core/Src/main.o
 .debug_aranges
                0x0000000000000188       0x38 ./Core/Src/oled.o
 .debug_aranges
                0x00000000000001c0      0x110 ./Core/Src/ssd1306.o
 .debug_aranges
                0x00000000000002d0       0x18 ./Core/Src/ssd1306_fonts.o
 .debug_aranges
                0x00000000000002e8       0x60 ./Core/Src/stm32f4xx_hal_msp.o
 .debug_aranges
                0x0000000000000348       0x80 ./Core/Src/stm32f4xx_it.o
 .debug_aranges
                0x00000000000003c8       0x20 ./Core/Src/sysmem.o
 .debug_aranges
                0x00000000000003e8       0x28 ./Core/Src/system_stm32f4xx.o
 .debug_aranges
                0x0000000000000410       0x58 ./Core/Src/vector.o
 .debug_aranges
                0x0000000000000468       0x80 ./Core/Src/peripheral-drivers-src/drivers.o
 .debug_aranges
                0x00000000000004e8       0x28 ./Core/Startup/startup_stm32f413zhtx.o
 .debug_aranges
                0x0000000000000510       0xf0 ./Drivers/STM32F4xx_HAL_Driver/Src/stm32f4xx_hal.o
 .debug_aranges
                0x0000000000000600       0xe8 ./Drivers/STM32F4xx_HAL_Driver/Src/stm32f4xx_hal_adc.o
 .debug_aranges
                0x00000000000006e8      0x118 ./Drivers/STM32F4xx_HAL_Driver/Src/stm32f4xx_hal_cortex.o
 .debug_aranges
                0x0000000000000800       0x90 ./Drivers/STM32F4xx_HAL_Driver/Src/stm32f4xx_hal_dma.o
 .debug_aranges
                0x0000000000000890       0x58 ./Drivers/STM32F4xx_HAL_Driver/Src/stm32f4xx_hal_gpio.o
 .debug_aranges
                0x00000000000008e8       0x88 ./Drivers/STM32F4xx_HAL_Driver/Src/stm32f4xx_hal_rcc.o
 .debug_aranges
                0x0000000000000970       0x60 ./Drivers/STM32F4xx_HAL_Driver/Src/stm32f4xx_hal_rcc_ex.o
 .debug_aranges
                0x00000000000009d0       0x88 ./Drivers/STM32F4xx_HAL_Driver/Src/stm32f4xx_hal_rng.o
 .debug_aranges
                0x0000000000000a58      0x1d0 ./Drivers/STM32F4xx_HAL_Driver/Src/stm32f4xx_hal_spi.o
 .debug_aranges
                0x0000000000000c28      0x3d0 ./Drivers/STM32F4xx_HAL_Driver/Src/stm32f4xx_hal_tim.o
 .debug_aranges
                0x0000000000000ff8      0x168 ./Drivers/STM32F4xx_HAL_Driver/Src/stm32f4xx_hal_tim_ex.o

.debug_macro    0x0000000000000000    0x24c3e
 .debug_macro   0x0000000000000000       0x1b ./Core/Src/game-objects-src/asteroid.o
 .debug_macro   0x000000000000001b      0xaa8 ./Core/Src/game-objects-src/asteroid.o
 .debug_macro   0x0000000000000ac3       0x15 ./Core/Src/game-objects-src/earth.o
 .debug_macro   0x0000000000000ad8       0x11 ./Core/Src/game-objects-src/spaceship.o
 .debug_macro   0x0000000000000ae9      0x3fa ./Core/Src/game_engine.o
 .debug_macro   0x0000000000000ee3      0x2a7 ./Core/Src/game_engine.o
 .debug_macro   0x000000000000118a       0x2e ./Core/Src/game_engine.o
 .debug_macro   0x00000000000011b8       0x28 ./Core/Src/game_engine.o
 .debug_macro   0x00000000000011e0       0x22 ./Core/Src/game_engine.o
 .debug_macro   0x0000000000001202       0x8e ./Core/Src/game_engine.o
 .debug_macro   0x0000000000001290       0x51 ./Core/Src/game_engine.o
 .debug_macro   0x00000000000012e1      0x103 ./Core/Src/game_engine.o
 .debug_macro   0x00000000000013e4       0x6a ./Core/Src/game_engine.o
 .debug_macro   0x000000000000144e      0x1df ./Core/Src/game_engine.o
 .debug_macro   0x000000000000162d       0x1c ./Core/Src/game_engine.o
 .debug_macro   0x0000000000001649       0x22 ./Core/Src/game_engine.o
 .debug_macro   0x000000000000166b       0xdf ./Core/Src/game_engine.o
 .debug_macro   0x000000000000174a     0x102d ./Core/Src/game_engine.o
 .debug_macro   0x0000000000002777      0x11f ./Core/Src/game_engine.o
 .debug_macro   0x0000000000002896    0x15a8b ./Core/Src/game_engine.o
 .debug_macro   0x0000000000018321       0x6d ./Core/Src/game_engine.o
 .debug_macro   0x000000000001838e     0x3666 ./Core/Src/game_engine.o
 .debug_macro   0x000000000001b9f4      0x174 ./Core/Src/game_engine.o
 .debug_macro   0x000000000001bb68       0x5c ./Core/Src/game_engine.o
 .debug_macro   0x000000000001bbc4      0xcdd ./Core/Src/game_engine.o
 .debug_macro   0x000000000001c8a1      0x9fe ./Core/Src/game_engine.o
 .debug_macro   0x000000000001d29f      0x116 ./Core/Src/game_engine.o
 .debug_macro   0x000000000001d3b5      0x202 ./Core/Src/game_engine.o
 .debug_macro   0x000000000001d5b7       0xa5 ./Core/Src/game_engine.o
 .debug_macro   0x000000000001d65c      0x173 ./Core/Src/game_engine.o
 .debug_macro   0x000000000001d7cf      0x2bf ./Core/Src/game_engine.o
 .debug_macro   0x000000000001da8e       0x5f ./Core/Src/game_engine.o
 .debug_macro   0x000000000001daed      0x236 ./Core/Src/game_engine.o
 .debug_macro   0x000000000001dd23      0x9e1 ./Core/Src/game_engine.o
 .debug_macro   0x000000000001e704      0x38b ./Core/Src/game_engine.o
 .debug_macro   0x000000000001ea8f      0x17d ./Core/Src/game_engine.o
 .debug_macro   0x000000000001ec0c       0xf9 ./Core/Src/game_engine.o
 .debug_macro   0x000000000001ed05      0x132 ./Core/Src/game_engine.o
 .debug_macro   0x000000000001ee37      0x30c ./Core/Src/game_engine.o
 .debug_macro   0x000000000001f143       0x2e ./Core/Src/game_engine.o
 .debug_macro   0x000000000001f171      0x11a ./Core/Src/game_engine.o
 .debug_macro   0x000000000001f28b       0x91 ./Core/Src/game_engine.o
 .debug_macro   0x000000000001f31c       0x89 ./Core/Src/game_engine.o
 .debug_macro   0x000000000001f3a5       0xa4 ./Core/Src/game_engine.o
 .debug_macro   0x000000000001f449      0x225 ./Core/Src/game_engine.o
 .debug_macro   0x000000000001f66e      0x8d1 ./Core/Src/game_engine.o
 .debug_macro   0x000000000001ff3f       0x71 ./Core/Src/game_engine.o
 .debug_macro   0x000000000001ffb0      0x134 ./Core/Src/game_engine.o
 .debug_macro   0x00000000000200e4      0x10c ./Core/Src/game_engine.o
 .debug_macro   0x00000000000201f0       0x10 ./Core/Src/game_engine.o
 .debug_macro   0x0000000000020200       0x7c ./Core/Src/game_engine.o
 .debug_macro   0x000000000002027c       0x52 ./Core/Src/game_engine.o
 .debug_macro   0x00000000000202ce       0x18 ./Core/Src/game_engine.o
 .debug_macro   0x00000000000202e6       0x3c ./Core/Src/game_engine.o
 .debug_macro   0x0000000000020322       0x34 ./Core/Src/game_engine.o
 .debug_macro   0x0000000000020356       0x4c ./Core/Src/game_engine.o
 .debug_macro   0x00000000000203a2       0x10 ./Core/Src/game_engine.o
 .debug_macro   0x00000000000203b2       0x8a ./Core/Src/game_engine.o
 .debug_macro   0x000000000002043c       0x22 ./Core/Src/game_engine.o
 .debug_macro   0x000000000002045e       0x16 ./Core/Src/game_engine.o
 .debug_macro   0x0000000000020474       0x43 ./Core/Src/game_engine.o
 .debug_macro   0x00000000000204b7       0x34 ./Core/Src/game_engine.o
 .debug_macro   0x00000000000204eb       0x10 ./Core/Src/game_engine.o
 .debug_macro   0x00000000000204fb       0x58 ./Core/Src/game_engine.o
 .debug_macro   0x0000000000020553       0x71 ./Core/Src/game_engine.o
 .debug_macro   0x00000000000205c4       0x1c ./Core/Src/game_engine.o
 .debug_macro   0x00000000000205e0      0x12a ./Core/Src/game_engine.o
 .debug_macro   0x000000000002070a      0x333 ./Core/Src/game_engine.o
 .debug_macro   0x0000000000020a3d      0x1a9 ./Core/Src/game_engine.o
 .debug_macro   0x0000000000020be6       0x1c ./Core/Src/game_engine.o
 .debug_macro   0x0000000000020c02       0x35 ./Core/Src/game_engine.o
 .debug_macro   0x0000000000020c37       0x10 ./Core/Src/game_engine.o
 .debug_macro   0x0000000000020c47       0x10 ./Core/Src/game_engine.o
 .debug_macro   0x0000000000020c57       0x1c ./Core/Src/game_engine.o
 .debug_macro   0x0000000000020c73       0x52 ./Core/Src/game_engine.o
 .debug_macro   0x0000000000020cc5       0x22 ./Core/Src/game_engine.o
 .debug_macro   0x0000000000020ce7       0x10 ./Core/Src/game_engine.o
 .debug_macro   0x0000000000020cf7       0x40 ./Core/Src/game_engine.o
 .debug_macro   0x0000000000020d37       0xd5 ./Core/Src/game_engine.o
 .debug_macro   0x0000000000020e0c       0x1c ./Core/Src/game_engine.o
 .debug_macro   0x0000000000020e28       0x3d ./Core/Src/game_engine.o
 .debug_macro   0x0000000000020e65       0x16 ./Core/Src/game_engine.o
 .debug_macro   0x0000000000020e7b      0x145 ./Core/Src/game_engine.o
 .debug_macro   0x0000000000020fc0      0x17e ./Core/Src/game_engine.o
 .debug_macro   0x000000000002113e      0x21e ./Core/Src/joystick.o
 .debug_macro   0x000000000002135c       0x76 ./Core/Src/joystick.o
 .debug_macro   0x00000000000213d2      0x437 ./Core/Src/main.o
 .debug_macro   0x0000000000021809      0x112 ./Core/Src/main.o
 .debug_macro   0x000000000002191b       0x16 ./Core/Src/main.o
 .debug_macro   0x0000000000021931       0x16 ./Core/Src/main.o
 .debug_macro   0x0000000000021947       0x29 ./Core/Src/main.o
 .debug_macro   0x0000000000021970      0x10c ./Core/Src/main.o
 .debug_macro   0x0000000000021a7c      0x295 ./Core/Src/oled.o
 .debug_macro   0x0000000000021d11      0x334 ./Core/Src/ssd1306.o
 .debug_macro   0x0000000000022045       0x4c ./Core/Src/ssd1306.o
 .debug_macro   0x0000000000022091       0x94 ./Core/Src/ssd1306.o