game_engine.c:36:6:game_init	8	static
game_engine.c:42:6:start_frame_update	8	static
game_engine.c:47:6:create_player_spaceship	16	static
game_engine.c:64:6:create_asteroid	32	static
game_engine.c:117:6:create_rocket	32	static
game_engine.c:242:6:draw_player_spaceship	32	static
game_engine.c:252:6:draw_asteroid	40	static
game_engine.c:265:6:draw_rocket	40	static
game_engine.c:278:6:update_player_spaceship	16	static
game_engine.c:284:6:update_asteroid	64	static
game_engine.c:339:6:update_rocket	32	static
game_engine.c:407:6:display_score	24	static
game_engine.c:431:6:display_start_screen	16	static
game_engine.c:445:6:display_game_over_screen	16	static
game_engine.c:456:6:reset_game	16	static
game_engine.c:482:6:wrap_coordinate	16	static
game_engine.c:505:9:game_random_x	16	static
game_engine.c:513:9:game_random_y	16	static
game_engine.c:521:8:game_random_sign	16	static
game_engine.c:532:6:update_spaceship_dir	24	static
game_engine.c:627:6:update_spaceship_pos	40	static
game_engine.c:713:9:collision_detect	24	static
game_engine.c:734:6:delete_dead_rocket	32	static
game_engine.c:745:6:delete_dead_asteroid	32	static
game_engine.c:756:6:accelerate_player_spaceship	32	static
game_engine.c:767:6:create_medium_asteroid	24	static
game_engine.c:805:6:display_black_background	8	static
game_engine.c:812:6:HAL_TIM_PeriodElapsedCallback	16	static
