ssd1306.c:24:6:ssd1306_Reset	8	static
ssd1306.c:36:6:ssd1306_WriteCommand	16	static
ssd1306.c:44:6:ssd1306_WriteData	16	static
ssd1306.c:63:17:ssd1306_FillBuffer	24	static
ssd1306.c:73:6:ssd1306_Init	8	static
ssd1306.c:175:6:ssd1306_Fill	24	static
ssd1306.c:184:6:ssd1306_UpdateScreen	16	static
ssd1306.c:207:6:ssd1306_ScrollLeft	16	static
ssd1306.c:224:6:ssd1306_ScrollRight	16	static
ssd1306.c:245:6:ssd1306_ScrollDiagRight	24	static
ssd1306.c:270:6:ssd1306_ScrollDiagLeft	24	static
ssd1306.c:286:6:ssd1306_StopScroll	8	static
ssd1306.c:296:6:ssd1306_DrawPixel	16	static
ssd1306.c:316:6:ssd1306_WriteChar	48	static
ssd1306.c:351:6:ssd1306_WriteString	24	static
ssd1306.c:365:6:ssd1306_SetCursor	16	static
ssd1306.c:371:6:ssd1306_Line	48	static
ssd1306.c:398:6:ssd1306_Polyline	40	static
ssd1306.c:412:14:ssd1306_DegToRad	16	static
ssd1306.c:417:17:ssd1306_NormalizeTo0_360	24	static
ssd1306.c:433:6:ssd1306_DrawArc	56	static
ssd1306.c:473:6:ssd1306_DrawArcWithRadiusLine	64	static
ssd1306.c:516:6:ssd1306_DrawCircle	40	static
ssd1306.c:551:6:ssd1306_FillCircle	48	static
ssd1306.c:587:6:ssd1306_DrawRectangle	32	static
ssd1306.c:597:6:ssd1306_FillRectangle	32	static
ssd1306.c:612:6:ssd1306_DrawBitmap	24	static
ssd1306.c:638:6:ssd1306_Clear	16	static
ssd1306.c:645:6:ssd1306_SetContrast	24	static
ssd1306.c:651:6:ssd1306_SetDisplayOn	24	static
ssd1306.c:663:9:ssd1306_GetDisplayOn	4	static
